Component: ARM Compiler 5.06 update 2 (build 183) Tool: armlink [4d35b7]

==============================================================================

Section Cross References

    system_stm32f7xx.o(i.SystemCoreClockUpdate) refers to system_stm32f7xx.o(.data) for .data
    system_stm32f7xx.o(i.SystemCoreClockUpdate) refers to system_stm32f7xx.o(.constdata) for .constdata
    gpio.o(i.MX_GPIO_Init) refers to stm32f7xx_hal_gpio.o(i.HAL_GPIO_WritePin) for HAL_GPIO_WritePin
    gpio.o(i.MX_GPIO_Init) refers to stm32f7xx_hal_gpio.o(i.HAL_GPIO_Init) for HAL_GPIO_Init
    main.o(i.HAL_TIM_PeriodElapsedCallback) refers to stm32f7xx_hal.o(i.HAL_IncTick) for HAL_IncTick
    main.o(i.SystemClock_Config) refers to stm32f7xx_hal_rcc_ex.o(i.HAL_RCC_OscConfig) for HAL_RCC_OscConfig
    main.o(i.SystemClock_Config) refers to stm32f7xx_hal_pwr_ex.o(i.HAL_PWREx_EnableOverDrive) for HAL_PWREx_EnableOverDrive
    main.o(i.SystemClock_Config) refers to stm32f7xx_hal_rcc.o(i.HAL_RCC_ClockConfig) for HAL_RCC_ClockConfig
    main.o(i.SystemClock_Config) refers to stm32f7xx_hal_rcc_ex.o(i.HAL_RCCEx_PeriphCLKConfig) for HAL_RCCEx_PeriphCLKConfig
    main.o(i.SystemClock_Config) refers to stm32f7xx_hal_rcc.o(i.HAL_RCC_GetHCLKFreq) for HAL_RCC_GetHCLKFreq
    main.o(i.SystemClock_Config) refers to stm32f7xx_hal_cortex.o(i.HAL_SYSTICK_Config) for HAL_SYSTICK_Config
    main.o(i.SystemClock_Config) refers to stm32f7xx_hal_cortex.o(i.HAL_SYSTICK_CLKSourceConfig) for HAL_SYSTICK_CLKSourceConfig
    main.o(i.SystemClock_Config) refers to stm32f7xx_hal_cortex.o(i.HAL_NVIC_SetPriority) for HAL_NVIC_SetPriority
    main.o(i.main) refers to stm32f7xx_hal.o(i.HAL_Init) for HAL_Init
    main.o(i.main) refers to main.o(i.SystemClock_Config) for SystemClock_Config
    main.o(i.main) refers to gpio.o(i.MX_GPIO_Init) for MX_GPIO_Init
    main.o(i.main) refers to usart.o(i.MX_USART1_UART_Init) for MX_USART1_UART_Init
    main.o(i.main) refers to freertos.o(i.MX_FREERTOS_Init) for MX_FREERTOS_Init
    main.o(i.main) refers to cmsis_os.o(i.osKernelStart) for osKernelStart
    stm32f7xx_it.o(i.SysTick_Handler) refers to cmsis_os.o(i.osSystickHandler) for osSystickHandler
    stm32f7xx_it.o(i.TIM8_TRG_COM_TIM14_IRQHandler) refers to stm32f7xx_hal_tim.o(i.HAL_TIM_IRQHandler) for HAL_TIM_IRQHandler
    stm32f7xx_it.o(i.TIM8_TRG_COM_TIM14_IRQHandler) refers to stm32f7xx_hal_timebase_tim.o(.bss) for htim14
    stm32f7xx_hal_msp.o(i.HAL_MspInit) refers to stm32f7xx_hal_cortex.o(i.HAL_NVIC_SetPriorityGrouping) for HAL_NVIC_SetPriorityGrouping
    stm32f7xx_hal_msp.o(i.HAL_MspInit) refers to stm32f7xx_hal_cortex.o(i.HAL_NVIC_SetPriority) for HAL_NVIC_SetPriority
    freertos.o(i.Func_LED) refers to stm32f7xx_hal_gpio.o(i.HAL_GPIO_TogglePin) for HAL_GPIO_TogglePin
    freertos.o(i.Func_LED) refers to cmsis_os.o(i.osDelay) for osDelay
    freertos.o(i.Func_LED) refers to printfb.o(i.__0printf$bare) for __2printf
    freertos.o(i.MX_FREERTOS_Init) refers to memcpya.o(.text) for __aeabi_memcpy4
    freertos.o(i.MX_FREERTOS_Init) refers to cmsis_os.o(i.osThreadCreate) for osThreadCreate
    freertos.o(i.MX_FREERTOS_Init) refers to freertos.o(.constdata) for .constdata
    freertos.o(i.MX_FREERTOS_Init) refers to freertos.o(.data) for .data
    freertos.o(i.StartDefaultTask) refers to cmsis_os.o(i.osDelay) for osDelay
    freertos.o(.constdata) refers to freertos.o(.conststring) for .conststring
    freertos.o(.constdata) refers to freertos.o(i.StartDefaultTask) for StartDefaultTask
    freertos.o(.constdata) refers to freertos.o(i.Func_LED) for Func_LED
    stm32f7xx_hal_timebase_tim.o(i.HAL_InitTick) refers to stm32f7xx_hal_cortex.o(i.HAL_NVIC_SetPriority) for HAL_NVIC_SetPriority
    stm32f7xx_hal_timebase_tim.o(i.HAL_InitTick) refers to stm32f7xx_hal_cortex.o(i.HAL_NVIC_EnableIRQ) for HAL_NVIC_EnableIRQ
    stm32f7xx_hal_timebase_tim.o(i.HAL_InitTick) refers to stm32f7xx_hal_rcc.o(i.HAL_RCC_GetClockConfig) for HAL_RCC_GetClockConfig
    stm32f7xx_hal_timebase_tim.o(i.HAL_InitTick) refers to stm32f7xx_hal_rcc.o(i.HAL_RCC_GetPCLK1Freq) for HAL_RCC_GetPCLK1Freq
    stm32f7xx_hal_timebase_tim.o(i.HAL_InitTick) refers to stm32f7xx_hal_tim.o(i.HAL_TIM_Base_Init) for HAL_TIM_Base_Init
    stm32f7xx_hal_timebase_tim.o(i.HAL_InitTick) refers to stm32f7xx_hal_tim.o(i.HAL_TIM_Base_Start_IT) for HAL_TIM_Base_Start_IT
    stm32f7xx_hal_timebase_tim.o(i.HAL_InitTick) refers to stm32f7xx_hal_timebase_tim.o(.bss) for .bss
    stm32f7xx_hal_timebase_tim.o(i.HAL_ResumeTick) refers to stm32f7xx_hal_timebase_tim.o(.bss) for .bss
    stm32f7xx_hal_timebase_tim.o(i.HAL_SuspendTick) refers to stm32f7xx_hal_timebase_tim.o(.bss) for .bss
    usart.o(i.HAL_UART_MspDeInit) refers to stm32f7xx_hal_gpio.o(i.HAL_GPIO_DeInit) for HAL_GPIO_DeInit
    usart.o(i.HAL_UART_MspDeInit) refers to stm32f7xx_hal_cortex.o(i.HAL_NVIC_DisableIRQ) for HAL_NVIC_DisableIRQ
[...]
    Removing stm32f7xx_hal_pwr_ex.o(i.HAL_PWREx_EnableFlashPowerDown), (16 bytes).
    Removing stm32f7xx_hal_pwr_ex.o(i.HAL_PWREx_EnableLowRegulatorLowVoltage), (16 bytes).
    Removing stm32f7xx_hal_pwr_ex.o(i.HAL_PWREx_EnableMainRegulatorLowVoltage), (16 bytes).
    Removing stm32f7xx_hal_pwr_ex.o(i.HAL_PWREx_EnterUnderDriveSTOPMode), (144 bytes).
    Removing stm32f7xx_hal_pwr_ex.o(i.HAL_PWREx_GetVoltageRange), (16 bytes).
    Removing stm32f7xx_hal_i2c_ex.o(.rev16_text), (4 bytes).
    Removing stm32f7xx_hal_i2c_ex.o(.revsh_text), (4 bytes).
    Removing stm32f7xx_hal_i2c_ex.o(.rrx_text), (6 bytes).
    Removing stm32f7xx_hal_i2c_ex.o(i.HAL_I2CEx_ConfigAnalogFilter), (88 bytes).
    Removing stm32f7xx_hal_i2c_ex.o(i.HAL_I2CEx_ConfigDigitalFilter), (84 bytes).
    Removing stm32f7xx_hal_i2c_ex.o(i.HAL_I2CEx_DisableFastModePlus), (40 bytes).
    Removing stm32f7xx_hal_i2c_ex.o(i.HAL_I2CEx_EnableFastModePlus), (40 bytes).
    Removing stm32f7xx_hal_dma.o(.rev16_text), (4 bytes).
    Removing stm32f7xx_hal_dma.o(.revsh_text), (4 bytes).
    Removing stm32f7xx_hal_dma.o(.rrx_text), (6 bytes).
    Removing stm32f7xx_hal_dma.o(i.DMA_CalcBaseAndBitshift), (40 bytes).
    Removing stm32f7xx_hal_dma.o(i.DMA_CheckFifoParam), (84 bytes).
    Removing stm32f7xx_hal_dma.o(i.DMA_SetConfig), (40 bytes).
    Removing stm32f7xx_hal_dma.o(i.HAL_DMA_Abort), (146 bytes).
    Removing stm32f7xx_hal_dma.o(i.HAL_DMA_DeInit), (86 bytes).
    Removing stm32f7xx_hal_dma.o(i.HAL_DMA_GetError), (4 bytes).
    Removing stm32f7xx_hal_dma.o(i.HAL_DMA_GetState), (6 bytes).
    Removing stm32f7xx_hal_dma.o(i.HAL_DMA_IRQHandler), (424 bytes).
    Removing stm32f7xx_hal_dma.o(i.HAL_DMA_Init), (224 bytes).
    Removing stm32f7xx_hal_dma.o(i.HAL_DMA_PollForTransfer), (300 bytes).
    Removing stm32f7xx_hal_dma.o(i.HAL_DMA_RegisterCallback), (80 bytes).
    Removing stm32f7xx_hal_dma.o(i.HAL_DMA_Start), (74 bytes).
    Removing stm32f7xx_hal_dma.o(i.HAL_DMA_Start_IT), (122 bytes).
    Removing stm32f7xx_hal_dma.o(i.HAL_DMA_UnRegisterCallback), (96 bytes).
    Removing stm32f7xx_hal_dma.o(.constdata), (8 bytes).
    Removing stm32f7xx_hal_pwr.o(.rev16_text), (4 bytes).
    Removing stm32f7xx_hal_pwr.o(.revsh_text), (4 bytes).
    Removing stm32f7xx_hal_pwr.o(.rrx_text), (6 bytes).
    Removing stm32f7xx_hal_pwr.o(i.HAL_PWR_ConfigPVD), (124 bytes).
    Removing stm32f7xx_hal_pwr.o(i.HAL_PWR_DeInit), (24 bytes).
    Removing stm32f7xx_hal_pwr.o(i.HAL_PWR_DisableBkUpAccess), (16 bytes).
    Removing stm32f7xx_hal_pwr.o(i.HAL_PWR_DisablePVD), (16 bytes).
    Removing stm32f7xx_hal_pwr.o(i.HAL_PWR_DisableSEVOnPend), (16 bytes).
    Removing stm32f7xx_hal_pwr.o(i.HAL_PWR_DisableSleepOnExit), (16 bytes).
    Removing stm32f7xx_hal_pwr.o(i.HAL_PWR_DisableWakeUpPin), (16 bytes).
    Removing stm32f7xx_hal_pwr.o(i.HAL_PWR_EnableBkUpAccess), (16 bytes).
    Removing stm32f7xx_hal_pwr.o(i.HAL_PWR_EnablePVD), (16 bytes).
    Removing stm32f7xx_hal_pwr.o(i.HAL_PWR_EnableSEVOnPend), (16 bytes).
    Removing stm32f7xx_hal_pwr.o(i.HAL_PWR_EnableSleepOnExit), (16 bytes).
    Removing stm32f7xx_hal_pwr.o(i.HAL_PWR_EnableWakeUpPin), (28 bytes).
    Removing stm32f7xx_hal_pwr.o(i.HAL_PWR_EnterSLEEPMode), (32 bytes).
    Removing stm32f7xx_hal_pwr.o(i.HAL_PWR_EnterSTANDBYMode), (32 bytes).
    Removing stm32f7xx_hal_pwr.o(i.HAL_PWR_EnterSTOPMode), (60 bytes).
    Removing stm32f7xx_hal_pwr.o(i.HAL_PWR_PVDCallback), (2 bytes).
    Removing stm32f7xx_hal_pwr.o(i.HAL_PWR_PVD_IRQHandler), (28 bytes).
    Removing stm32f7xx_hal_usart.o(.rev16_text), (4 bytes).
    Removing stm32f7xx_hal_usart.o(.revsh_text), (4 bytes).
    Removing stm32f7xx_hal_usart.o(.rrx_text), (6 bytes).
    Removing stm32f7xx_hal_uart.o(.rev16_text), (4 bytes).
    Removing stm32f7xx_hal_uart.o(.revsh_text), (4 bytes).
    Removing stm32f7xx_hal_uart.o(.rrx_text), (6 bytes).
    Removing stm32f7xx_hal_uart.o(i.HAL_HalfDuplex_EnableReceiver), (62 bytes).
    Removing stm32f7xx_hal_uart.o(i.HAL_HalfDuplex_EnableTransmitter), (62 bytes).
    Removing stm32f7xx_hal_uart.o(i.HAL_HalfDuplex_Init), (116 bytes).
    Removing stm32f7xx_hal_uart.o(i.HAL_LIN_Init), (130 bytes).
    Removing stm32f7xx_hal_uart.o(i.HAL_LIN_SendBreak), (50 bytes).
    Removing stm32f7xx_hal_uart.o(i.HAL_MultiProcessorEx_AddressLength_Set), (48 bytes).
    Removing stm32f7xx_hal_uart.o(i.HAL_MultiProcessor_DisableMuteMode), (44 bytes).
    Removing stm32f7xx_hal_uart.o(i.HAL_MultiProcessor_EnableMuteMode), (44 bytes).
    Removing stm32f7xx_hal_uart.o(i.HAL_MultiProcessor_EnterMuteMode), (12 bytes).
    Removing stm32f7xx_hal_uart.o(i.HAL_MultiProcessor_Init), (138 bytes).
    Removing stm32f7xx_hal_uart.o(i.HAL_RS485Ex_Init), (140 bytes).
    Removing stm32f7xx_hal_uart.o(i.HAL_UART_DMAPause), (98 bytes).
    Removing stm32f7xx_hal_uart.o(i.HAL_UART_DMAResume), (102 bytes).
    Removing stm32f7xx_hal_uart.o(i.HAL_UART_DMAStop), (84 bytes).
    Removing stm32f7xx_hal_uart.o(i.HAL_UART_DeInit), (64 bytes).
    Removing stm32f7xx_hal_uart.o(i.HAL_UART_GetError), (4 bytes).
    Removing stm32f7xx_hal_uart.o(i.HAL_UART_MspDeInit), (2 bytes).
    Removing stm32f7xx_hal_uart.o(i.HAL_UART_MspInit), (2 bytes).
    Removing stm32f7xx_hal_uart.o(i.HAL_UART_Receive), (230 bytes).
    Removing stm32f7xx_hal_uart.o(i.HAL_UART_Receive_DMA), (148 bytes).
    Removing stm32f7xx_hal_uart.o(i.HAL_UART_RxHalfCpltCallback), (2 bytes).
    Removing stm32f7xx_hal_uart.o(i.HAL_UART_Transmit), (182 bytes).
    Removing stm32f7xx_hal_uart.o(i.HAL_UART_Transmit_DMA), (140 bytes).
    Removing stm32f7xx_hal_uart.o(i.HAL_UART_Transmit_IT), (66 bytes).
    Removing stm32f7xx_hal_uart.o(i.HAL_UART_TxHalfCpltCallback), (2 bytes).
    Removing stm32f7xx_hal_uart.o(i.UART_DMAError), (74 bytes).
    Removing stm32f7xx_hal_uart.o(i.UART_DMAReceiveCplt), (60 bytes).
    Removing stm32f7xx_hal_uart.o(i.UART_DMARxHalfCplt), (10 bytes).
    Removing stm32f7xx_hal_uart.o(i.UART_DMATransmitCplt), (46 bytes).
    Removing stm32f7xx_hal_uart.o(i.UART_DMATxHalfCplt), (10 bytes).
    Removing stm32f7xx_hal_uart.o(i.UART_EndTxTransfer), (18 bytes).
    Removing startup_stm32f767xx.o(HEAP), (512 bytes).
    Removing port.o(i.vPortEndScheduler), (36 bytes).
    Removing port.o(i.vPortValidateInterruptPriority), (92 bytes).
    Removing cmsis_os.o(.rev16_text), (4 bytes).
    Removing cmsis_os.o(.revsh_text), (4 bytes).
    Removing cmsis_os.o(i.inHandlerMode), (12 bytes).
    Removing cmsis_os.o(i.makeCmsisPriority), (16 bytes).
    Removing cmsis_os.o(i.osDelayUntil), (4 bytes).
    Removing cmsis_os.o(i.osKernelRunning), (18 bytes).
    Removing cmsis_os.o(i.osKernelSysTick), (24 bytes).
    Removing cmsis_os.o(i.osMailAlloc), (12 bytes).
    Removing cmsis_os.o(i.osMailCAlloc), (24 bytes).
    Removing cmsis_os.o(i.osMailCreate), (86 bytes).
    Removing cmsis_os.o(i.osMailFree), (12 bytes).
    Removing cmsis_os.o(i.osMailGet), (148 bytes).
    Removing cmsis_os.o(i.osMailPut), (92 bytes).
    Removing cmsis_os.o(i.osMessageCreate), (10 bytes).
    Removing cmsis_os.o(i.osMessageGet), (152 bytes).
    Removing cmsis_os.o(i.osMessagePeek), (78 bytes).
    Removing cmsis_os.o(i.osMessagePut), (92 bytes).
    Removing cmsis_os.o(i.osMutexCreate), (6 bytes).
    Removing cmsis_os.o(i.osMutexDelete), (24 bytes).
    Removing cmsis_os.o(i.osMutexRelease), (80 bytes).
    Removing cmsis_os.o(i.osMutexWait), (108 bytes).
    Removing cmsis_os.o(i.osPoolAlloc), (110 bytes).
    Removing cmsis_os.o(i.osPoolCAlloc), (16 bytes).
    Removing cmsis_os.o(i.osPoolCreate), (94 bytes).
    Removing cmsis_os.o(i.osPoolFree), (46 bytes).
    Removing cmsis_os.o(i.osRecursiveMutexCreate), (4 bytes).
    Removing cmsis_os.o(i.osRecursiveMutexRelease), (4 bytes).
    Removing cmsis_os.o(i.osRecursiveMutexWait), (4 bytes).
    Removing cmsis_os.o(i.osSemaphoreCreate), (38 bytes).
    Removing cmsis_os.o(i.osSemaphoreDelete), (24 bytes).
    Removing cmsis_os.o(i.osSemaphoreRelease), (80 bytes).
    Removing cmsis_os.o(i.osSemaphoreWait), (108 bytes).
    Removing cmsis_os.o(i.osSignalSet), (88 bytes).
    Removing cmsis_os.o(i.osSignalWait), (86 bytes).
    Removing cmsis_os.o(i.osThreadGetId), (4 bytes).
    Removing cmsis_os.o(i.osThreadGetPriority), (32 bytes).
    Removing cmsis_os.o(i.osThreadList), (4 bytes).
    Removing cmsis_os.o(i.osThreadResume), (52 bytes).
    Removing cmsis_os.o(i.osThreadResumeAll), (18 bytes).
    Removing cmsis_os.o(i.osThreadSetPriority), (22 bytes).
    Removing cmsis_os.o(i.osThreadSuspend), (10 bytes).
    Removing cmsis_os.o(i.osThreadSuspendAll), (10 bytes).
    Removing cmsis_os.o(i.osThreadTerminate), (10 bytes).
    Removing cmsis_os.o(i.osThreadYield), (24 bytes).
    Removing cmsis_os.o(i.osTimerCreate), (4 bytes).
    Removing cmsis_os.o(i.osTimerDelete), (4 bytes).
    Removing cmsis_os.o(i.osTimerStart), (4 bytes).
    Removing cmsis_os.o(i.osTimerStop), (4 bytes).
    Removing event_groups.o(i.prvTestWaitCondition), (24 bytes).
    Removing event_groups.o(i.uxEventGroupGetNumber), (8 bytes).
    Removing event_groups.o(i.vEventGroupClearBitsCallback), (4 bytes).
    Removing event_groups.o(i.vEventGroupDelete), (74 bytes).
    Removing event_groups.o(i.vEventGroupSetBitsCallback), (4 bytes).
    Removing event_groups.o(i.xEventGroupClearBits), (72 bytes).
    Removing event_groups.o(i.xEventGroupCreate), (26 bytes).
    Removing event_groups.o(i.xEventGroupGetBitsFromISR), (30 bytes).
    Removing event_groups.o(i.xEventGroupSetBits), (152 bytes).
    Removing event_groups.o(i.xEventGroupSync), (216 bytes).
    Removing event_groups.o(i.xEventGroupWaitBits), (280 bytes).
    Removing queue.o(i.prvCopyDataFromQueue), (38 bytes).
    Removing queue.o(i.prvCopyDataToQueue), (110 bytes).
    Removing queue.o(i.prvUnlockQueue), (100 bytes).
    Removing queue.o(i.ucQueueGetQueueType), (6 bytes).
    Removing queue.o(i.uxQueueGetQueueNumber), (4 bytes).
    Removing queue.o(i.uxQueueMessagesWaiting), (40 bytes).
    Removing queue.o(i.uxQueueMessagesWaitingFromISR), (26 bytes).
    Removing queue.o(i.uxQueueSpacesAvailable), (44 bytes).
    Removing queue.o(i.vQueueAddToRegistry), (40 bytes).
    Removing queue.o(i.vQueueDelete), (40 bytes).
    Removing queue.o(i.vQueueSetQueueNumber), (4 bytes).
    Removing queue.o(i.vQueueUnregisterQueue), (36 bytes).
    Removing queue.o(i.xQueueCreateMutex), (74 bytes).
    Removing queue.o(i.xQueueGenericCreate), (108 bytes).
    Removing queue.o(i.xQueueGenericReceive), (376 bytes).
    Removing queue.o(i.xQueueGenericReset), (152 bytes).
    Removing queue.o(i.xQueueGenericSend), (368 bytes).
    Removing queue.o(i.xQueueGenericSendFromISR), (198 bytes).
    Removing queue.o(i.xQueueGiveFromISR), (172 bytes).
    Removing queue.o(i.xQueueIsQueueEmptyFromISR), (34 bytes).
    Removing queue.o(i.xQueueIsQueueFullFromISR), (38 bytes).
    Removing queue.o(i.xQueuePeekFromISR), (134 bytes).
    Removing queue.o(i.xQueueReceiveFromISR), (154 bytes).
    Removing queue.o(.bss), (64 bytes).
    Removing tasks.o(i.prvListTaskWithinSingleList), (142 bytes).
    Removing tasks.o(i.prvTaskIsTaskSuspended), (60 bytes).
    Removing tasks.o(i.pvTaskIncrementMutexHeldCount), (24 bytes).
    Removing tasks.o(i.ulTaskNotifyTake), (156 bytes).
    Removing tasks.o(i.uxTaskGetNumberOfTasks), (12 bytes).
    Removing tasks.o(i.uxTaskGetSystemState), (148 bytes).
    Removing tasks.o(i.uxTaskGetTaskNumber), (8 bytes).
    Removing tasks.o(i.uxTaskPriorityGet), (28 bytes).
    Removing tasks.o(i.uxTaskPriorityGetFromISR), (48 bytes).
    Removing tasks.o(i.uxTaskResetEventItemValue), (24 bytes).
    Removing tasks.o(i.vTaskDelete), (168 bytes).
    Removing tasks.o(i.vTaskEndScheduler), (32 bytes).
    Removing tasks.o(i.vTaskMissedYield), (12 bytes).
    Removing tasks.o(i.vTaskNotifyGiveFromISR), (192 bytes).
    Removing tasks.o(i.vTaskPlaceOnEventList), (104 bytes).
    Removing tasks.o(i.vTaskPlaceOnUnorderedEventList), (136 bytes).
    Removing tasks.o(i.vTaskPriorityInherit), (136 bytes).
    Removing tasks.o(i.vTaskPrioritySet), (204 bytes).
    Removing tasks.o(i.vTaskResume), (132 bytes).
    Removing tasks.o(i.vTaskSetTaskNumber), (8 bytes).
    Removing tasks.o(i.vTaskSetTimeOutState), (40 bytes).
    Removing tasks.o(i.vTaskSuspend), (184 bytes).
    Removing tasks.o(i.xTaskCheckForTimeOut), (116 bytes).
    Removing tasks.o(i.xTaskGenericNotify), (212 bytes).
    Removing tasks.o(i.xTaskGenericNotifyFromISR), (248 bytes).
    Removing tasks.o(i.xTaskGetCurrentTaskHandle), (12 bytes).
    Removing tasks.o(i.xTaskGetTickCount), (12 bytes).
    Removing tasks.o(i.xTaskGetTickCountFromISR), (16 bytes).
    Removing tasks.o(i.xTaskNotifyStateClear), (48 bytes).
    Removing tasks.o(i.xTaskNotifyWait), (184 bytes).
    Removing tasks.o(i.xTaskPriorityDisinherit), (168 bytes).
    Removing tasks.o(i.xTaskRemoveFromEventList), (120 bytes).
    Removing tasks.o(i.xTaskRemoveFromUnorderedEventList), (128 bytes).
    Removing tasks.o(i.xTaskResumeFromISR), (152 bytes).
    Removing heap_4.o(i.vPortInitialiseBlocks), (2 bytes).
    Removing heap_4.o(i.xPortGetFreeHeapSize), (12 bytes).
    Removing heap_4.o(i.xPortGetMinimumEverFreeHeapSize), (12 bytes).
    Removing delay.o(.rev16_text), (4 bytes).
    Removing delay.o(.revsh_text), (4 bytes).
    Removing delay.o(.rrx_text), (6 bytes).
    Removing delay.o(i.delay_init), (20 bytes).
    Removing delay.o(i.delay_ms), (26 bytes).
    Removing delay.o(i.delay_us), (52 bytes).
    Removing delay.o(.data), (4 bytes).
    Removing sys.o(.rev16_text), (4 bytes).
    Removing sys.o(.revsh_text), (4 bytes).
    Removing sys.o(.rrx_text), (6 bytes).
    Removing sys.o(.emb_text), (16 bytes).
    Removing sys.o(i.Cache_Enable), (128 bytes).
    Removing sys.o(i.Get_DCahceSta), (16 bytes).
    Removing sys.o(i.Get_ICahceSta), (16 bytes).
    Removing sys.o(i.Stm32_Clock_Init), (132 bytes).
    Removing uart.o(.rev16_text), (4 bytes).
    Removing uart.o(.revsh_text), (4 bytes).
    Removing uart.o(.rrx_text), (6 bytes).
    Removing uart.o(i._sys_exit), (2 bytes).
    Removing uart.o(.bss), (200 bytes).
    Removing uart.o(.data), (2 bytes).
    Removing dadd.o(.text), (334 bytes).
    Removing dmul.o(.text), (228 bytes).
    Removing ddiv.o(.text), (222 bytes).
    Removing dfixul.o(.text), (48 bytes).
    Removing cdrcmple.o(.text), (48 bytes).
    Removing depilogue.o(.text), (186 bytes).

596 unused section(s) (total 44258 bytes) removed from the image.

==============================================================================

Image Symbol Table

    Local Symbols

    Symbol Name                              Value     Ov Type        Size  Object(Section)

    ../Drivers/CMSIS//Device/ST/STM32F7xx/Source/Templates/system_stm32f7xx.c 0x00000000   Number         0  system_stm32f7xx.o ABSOLUTE
    ../Drivers/STM32F7xx_HAL_Driver/Src/stm32f7xx_hal.c 0x00000000   Number         0  stm32f7xx_hal.o ABSOLUTE
    ../Drivers/STM32F7xx_HAL_Driver/Src/stm32f7xx_hal_cortex.c 0x00000000   Number         0  stm32f7xx_hal_cortex.o ABSOLUTE
    ../Drivers/STM32F7xx_HAL_Driver/Src/stm32f7xx_hal_dma.c 0x00000000   Number         0  stm32f7xx_hal_dma.o ABSOLUTE
    ../Drivers/STM32F7xx_HAL_Driver/Src/stm32f7xx_hal_dma_ex.c 0x00000000   Number         0  stm32f7xx_hal_dma_ex.o ABSOLUTE
    ../Drivers/STM32F7xx_HAL_Driver/Src/stm32f7xx_hal_flash.c 0x00000000   Number         0  stm32f7xx_hal_flash.o ABSOLUTE
    ../Drivers/STM32F7xx_HAL_Driver/Src/stm32f7xx_hal_flash_ex.c 0x00000000   Number         0  stm32f7xx_hal_flash_ex.o ABSOLUTE
    ../Drivers/STM32F7xx_HAL_Driver/Src/stm32f7xx_hal_gpio.c 0x00000000   Number         0  stm32f7xx_hal_gpio.o ABSOLUTE
    ../Drivers/STM32F7xx_HAL_Driver/Src/stm32f7xx_hal_i2c.c 0x00000000   Number         0  stm32f7xx_hal_i2c.o ABSOLUTE
    ../Drivers/STM32F7xx_HAL_Driver/Src/stm32f7xx_hal_i2c_ex.c 0x00000000   Number         0  stm32f7xx_hal_i2c_ex.o ABSOLUTE
    ../Drivers/STM32F7xx_HAL_Driver/Src/stm32f7xx_hal_pwr.c 0x00000000   Number         0  stm32f7xx_hal_pwr.o ABSOLUTE
    ../Drivers/STM32F7xx_HAL_Driver/Src/stm32f7xx_hal_pwr_ex.c 0x00000000   Number         0  stm32f7xx_hal_pwr_ex.o ABSOLUTE
    ../Drivers/STM32F7xx_HAL_Driver/Src/stm32f7xx_hal_rcc.c 0x00000000   Number         0  stm32f7xx_hal_rcc.o ABSOLUTE
    ../Drivers/STM32F7xx_HAL_Driver/Src/stm32f7xx_hal_rcc_ex.c 0x00000000   Number         0  stm32f7xx_hal_rcc_ex.o ABSOLUTE
    ../Drivers/STM32F7xx_HAL_Driver/Src/stm32f7xx_hal_tim.c 0x00000000   Number         0  stm32f7xx_hal_tim.o ABSOLUTE
    ../Drivers/STM32F7xx_HAL_Driver/Src/stm32f7xx_hal_tim_ex.c 0x00000000   Number         0  stm32f7xx_hal_tim_ex.o ABSOLUTE
    ../Middlewares/Third_Party/FreeRTOS/Source/CMSIS_RTOS/cmsis_os.c 0x00000000   Number         0  cmsis_os.o ABSOLUTE
    ../Middlewares/Third_Party/FreeRTOS/Source/croutine.c 0x00000000   Number         0  croutine.o ABSOLUTE
    ../Middlewares/Third_Party/FreeRTOS/Source/event_groups.c 0x00000000   Number         0  event_groups.o ABSOLUTE
    ../Middlewares/Third_Party/FreeRTOS/Source/list.c 0x00000000   Number         0  list.o ABSOLUTE
    ../Middlewares/Third_Party/FreeRTOS/Source/portable/MemMang/heap_4.c 0x00000000   Number         0  heap_4.o ABSOLUTE
    ../Middlewares/Third_Party/FreeRTOS/Source/portable/RVDS/ARM_CM7/r0p1/port.c 0x00000000   Number         0  port.o ABSOLUTE
    ../Middlewares/Third_Party/FreeRTOS/Source/queue.c 0x00000000   Number         0  queue.o ABSOLUTE
    ../Middlewares/Third_Party/FreeRTOS/Source/tasks.c 0x00000000   Number         0  tasks.o ABSOLUTE
    ../Middlewares/Third_Party/FreeRTOS/Source/timers.c 0x00000000   Number         0  timers.o ABSOLUTE
    ../Src/freertos.c                        0x00000000   Number         0  freertos.o ABSOLUTE
    ../Src/gpio.c                            0x00000000   Number         0  gpio.o ABSOLUTE
    ../Src/main.c                            0x00000000   Number         0  main.o ABSOLUTE
    ../Src/stm32f7xx_hal_msp.c               0x00000000   Number         0  stm32f7xx_hal_msp.o ABSOLUTE
    ../Src/stm32f7xx_hal_timebase_TIM.c      0x00000000   Number         0  stm32f7xx_hal_timebase_tim.o ABSOLUTE
    ../Src/stm32f7xx_it.c                    0x00000000   Number         0  stm32f7xx_it.o ABSOLUTE
    ../clib/microlib/division.c              0x00000000   Number         0  uldiv.o ABSOLUTE
    ../clib/microlib/division.c              0x00000000   Number         0  uidiv.o ABSOLUTE
    ../clib/microlib/init/entry.s            0x00000000   Number         0  entry10a.o ABSOLUTE
    ../clib/microlib/init/entry.s            0x00000000   Number         0  entry9a.o ABSOLUTE
    ../clib/microlib/init/entry.s            0x00000000   Number         0  entry.o ABSOLUTE
    ../clib/microlib/init/entry.s            0x00000000   Number         0  entry11b.o ABSOLUTE
    ../clib/microlib/init/entry.s            0x00000000   Number         0  entry11a.o ABSOLUTE
    ../clib/microlib/init/entry.s            0x00000000   Number         0  entry10b.o ABSOLUTE
    ../clib/microlib/init/entry.s            0x00000000   Number         0  entry9b.o ABSOLUTE
    ../clib/microlib/init/entry.s            0x00000000   Number         0  entry8b.o ABSOLUTE
    ../clib/microlib/init/entry.s            0x00000000   Number         0  entry8a.o ABSOLUTE
    ../clib/microlib/init/entry.s            0x00000000   Number         0  entry7b.o ABSOLUTE
    ../clib/microlib/init/entry.s            0x00000000   Number         0  entry7a.o ABSOLUTE
    ../clib/microlib/init/entry.s            0x00000000   Number         0  entry5.o ABSOLUTE
    ../clib/microlib/init/entry.s            0x00000000   Number         0  entry2.o ABSOLUTE
    ../clib/microlib/longlong.c              0x00000000   Number         0  llshl.o ABSOLUTE
    ../clib/microlib/longlong.c              0x00000000   Number         0  llushr.o ABSOLUTE
    ../clib/microlib/longlong.c              0x00000000   Number         0  llsshr.o ABSOLUTE
    ../clib/microlib/printf/printf.c         0x00000000   Number         0  printf4.o ABSOLUTE
    ../clib/microlib/printf/printf.c         0x00000000   Number         0  printfa.o ABSOLUTE
    ../clib/microlib/printf/printf.c         0x00000000   Number         0  printf8.o ABSOLUTE
    ../clib/microlib/printf/printf.c         0x00000000   Number         0  printf7.o ABSOLUTE
    ../clib/microlib/printf/printf.c         0x00000000   Number         0  printf6.o ABSOLUTE
    ../clib/microlib/printf/printf.c         0x00000000   Number         0  printf5.o ABSOLUTE
    ../clib/microlib/printf/printf.c         0x00000000   Number         0  printf3.o ABSOLUTE
    ../clib/microlib/printf/printf.c         0x00000000   Number         0  printf2.o ABSOLUTE
    ../clib/microlib/printf/printf.c         0x00000000   Number         0  printf1.o ABSOLUTE
    ../clib/microlib/printf/printf.c         0x00000000   Number         0  printf0.o ABSOLUTE
    ../clib/microlib/printf/printf.c         0x00000000   Number         0  printfb.o ABSOLUTE
    ../clib/microlib/string/memcpy.c         0x00000000   Number         0  memcpyb.o ABSOLUTE
    ../clib/microlib/string/memcpy.c         0x00000000   Number         0  memcpya.o ABSOLUTE
    ../clib/microlib/string/memset.c         0x00000000   Number         0  memseta.o ABSOLUTE
    ../clib/microlib/stubs.s                 0x00000000   Number         0  useno.o ABSOLUTE
    ../clib/microlib/stubs.s                 0x00000000   Number         0  iusefp.o ABSOLUTE
    ../fplib/microlib/fpadd.c                0x00000000   Number         0  dadd.o ABSOLUTE
    ../fplib/microlib/fpdiv.c                0x00000000   Number         0  ddiv.o ABSOLUTE
    ../fplib/microlib/fpepilogue.c           0x00000000   Number         0  depilogue.o ABSOLUTE
    ../fplib/microlib/fpfix.c                0x00000000   Number         0  dfixul.o ABSOLUTE
    ../fplib/microlib/fpmul.c                0x00000000   Number         0  dmul.o ABSOLUTE
    ..\Drivers\CMSIS\\Device\ST\STM32F7xx\Source\Templates\system_stm32f7xx.c 0x00000000   Number         0  system_stm32f7xx.o ABSOLUTE
    ..\Drivers\STM32F7xx_HAL_Driver\Src\stm32f7xx_hal.c 0x00000000   Number         0  stm32f7xx_hal.o ABSOLUTE
    ..\Drivers\STM32F7xx_HAL_Driver\Src\stm32f7xx_hal_cortex.c 0x00000000   Number         0  stm32f7xx_hal_cortex.o ABSOLUTE
    ..\Drivers\STM32F7xx_HAL_Driver\Src\stm32f7xx_hal_dma.c 0x00000000   Number         0  stm32f7xx_hal_dma.o ABSOLUTE
    ..\Drivers\STM32F7xx_HAL_Driver\Src\stm32f7xx_hal_dma_ex.c 0x00000000   Number         0  stm32f7xx_hal_dma_ex.o ABSOLUTE
    ..\Drivers\STM32F7xx_HAL_Driver\Src\stm32f7xx_hal_flash.c 0x00000000   Number         0  stm32f7xx_hal_flash.o ABSOLUTE
    ..\Drivers\STM32F7xx_HAL_Driver\Src\stm32f7xx_hal_flash_ex.c 0x00000000   Number         0  stm32f7xx_hal_flash_ex.o ABSOLUTE
    ..\Drivers\STM32F7xx_HAL_Driver\Src\stm32f7xx_hal_gpio.c 0x00000000   Number         0  stm32f7xx_hal_gpio.o ABSOLUTE
    ..\Drivers\STM32F7xx_HAL_Driver\Src\stm32f7xx_hal_i2c.c 0x00000000   Number         0  stm32f7xx_hal_i2c.o ABSOLUTE
    ..\Drivers\STM32F7xx_HAL_Driver\Src\stm32f7xx_hal_i2c_ex.c 0x00000000   Number         0  stm32f7xx_hal_i2c_ex.o ABSOLUTE
    ..\Drivers\STM32F7xx_HAL_Driver\Src\stm32f7xx_hal_pwr.c 0x00000000   Number         0  stm32f7xx_hal_pwr.o ABSOLUTE
    ..\Drivers\STM32F7xx_HAL_Driver\Src\stm32f7xx_hal_pwr_ex.c 0x00000000   Number         0  stm32f7xx_hal_pwr_ex.o ABSOLUTE
    ..\Drivers\STM32F7xx_HAL_Driver\Src\stm32f7xx_hal_rcc.c 0x00000000   Number         0  stm32f7xx_hal_rcc.o ABSOLUTE
    ..\Drivers\STM32F7xx_HAL_Driver\Src\stm32f7xx_hal_rcc_ex.c 0x00000000   Number         0  stm32f7xx_hal_rcc_ex.o ABSOLUTE
    ..\Drivers\STM32F7xx_HAL_Driver\Src\stm32f7xx_hal_tim.c 0x00000000   Number         0  stm32f7xx_hal_tim.o ABSOLUTE
    ..\Drivers\STM32F7xx_HAL_Driver\Src\stm32f7xx_hal_tim_ex.c 0x00000000   Number         0  stm32f7xx_hal_tim_ex.o ABSOLUTE
    ..\Drivers\STM32F7xx_HAL_Driver\Src\stm32f7xx_hal_uart.c 0x00000000   Number         0  stm32f7xx_hal_uart.o ABSOLUTE
    ..\Drivers\STM32F7xx_HAL_Driver\Src\stm32f7xx_hal_usart.c 0x00000000   Number         0  stm32f7xx_hal_usart.o ABSOLUTE
    ..\Middlewares\Third_Party\FreeRTOS\Source\CMSIS_RTOS\cmsis_os.c 0x00000000   Number         0  cmsis_os.o ABSOLUTE
    ..\Middlewares\Third_Party\FreeRTOS\Source\portable\RVDS\ARM_CM7\r0p1\port.c 0x00000000   Number         0  port.o ABSOLUTE
    ..\Src\freertos.c                        0x00000000   Number         0  freertos.o ABSOLUTE
    ..\Src\gpio.c                            0x00000000   Number         0  gpio.o ABSOLUTE
    ..\Src\main.c                            0x00000000   Number         0  main.o ABSOLUTE
    ..\Src\stm32f7xx_hal_msp.c               0x00000000   Number         0  stm32f7xx_hal_msp.o ABSOLUTE
    ..\Src\stm32f7xx_hal_timebase_TIM.c      0x00000000   Number         0  stm32f7xx_hal_timebase_tim.o ABSOLUTE
    ..\Src\stm32f7xx_it.c                    0x00000000   Number         0  stm32f7xx_it.o ABSOLUTE
    ..\Src\usart.c                           0x00000000   Number         0  usart.o ABSOLUTE
    ..\System\delay.c                        0x00000000   Number         0  delay.o ABSOLUTE
    ..\System\sys.c                          0x00000000   Number         0  sys.o ABSOLUTE
    ..\System\uart.c                         0x00000000   Number         0  uart.o ABSOLUTE
    ..\\Drivers\\STM32F7xx_HAL_Driver\\Src\\stm32f7xx_hal_uart.c 0x00000000   Number         0  stm32f7xx_hal_uart.o ABSOLUTE
    ..\\Drivers\\STM32F7xx_HAL_Driver\\Src\\stm32f7xx_hal_usart.c 0x00000000   Number         0  stm32f7xx_hal_usart.o ABSOLUTE
    ..\\Src\\usart.c                         0x00000000   Number         0  usart.o ABSOLUTE
    ..\\System\\delay.c                      0x00000000   Number         0  delay.o ABSOLUTE
    ..\\System\\sys.c                        0x00000000   Number         0  sys.o ABSOLUTE
    ..\\System\\uart.c                       0x00000000   Number         0  uart.o ABSOLUTE
    cdrcmple.s                               0x00000000   Number         0  cdrcmple.o ABSOLUTE
    dc.s                                     0x00000000   Number         0  dc.o ABSOLUTE
    handlers.s                               0x00000000   Number         0  handlers.o ABSOLUTE
    init.s                                   0x00000000   Number         0  init.o ABSOLUTE
    startup_stm32f767xx.s                    0x00000000   Number         0  startup_stm32f767xx.o ABSOLUTE
    RESET                                    0x08000000   Section      504  startup_stm32f767xx.o(RESET)
    .ARM.Collect$$$$00000000                 0x080001f8   Section        0  entry.o(.ARM.Collect$$$$00000000)
    .ARM.Collect$$$$00000001                 0x080001f8   Section        4  entry2.o(.ARM.Collect$$$$00000001)
    .ARM.Collect$$$$00000004                 0x080001fc   Section        4  entry5.o(.ARM.Collect$$$$00000004)
    .ARM.Collect$$$$00000008                 0x08000200   Section        0  entry7b.o(.ARM.Collect$$$$00000008)
    .ARM.Collect$$$$0000000A                 0x08000200   Section        0  entry8b.o(.ARM.Collect$$$$0000000A)
    .ARM.Collect$$$$0000000B                 0x08000200   Section        8  entry9a.o(.ARM.Collect$$$$0000000B)
    .ARM.Collect$$$$0000000D                 0x08000208   Section        0  entry10a.o(.ARM.Collect$$$$0000000D)
    .ARM.Collect$$$$0000000F                 0x08000208   Section        0  entry11a.o(.ARM.Collect$$$$0000000F)
    .ARM.Collect$$$$00002712                 0x08000208   Section        4  entry2.o(.ARM.Collect$$$$00002712)
    __lit__00000000                          0x08000208   Data           4  entry2.o(.ARM.Collect$$$$00002712)
    .emb_text                                0x0800020c   Section      186  port.o(.emb_text)
    $v0                                      0x0800020c   Number         0  port.o(.emb_text)
    .text                                    0x080002c8   Section       36  startup_stm32f767xx.o(.text)
    $v0                                      0x080002c8   Number         0  startup_stm32f767xx.o(.text)
    .text                                    0x080002ec   Section        0  memcpya.o(.text)
    .text                                    0x08000310   Section        0  memseta.o(.text)
    .text                                    0x08000334   Section       36  init.o(.text)
    i.BusFault_Handler                       0x08000358   Section        0  stm32f7xx_it.o(i.BusFault_Handler)
    i.DebugMon_Handler                       0x0800035a   Section        0  stm32f7xx_it.o(i.DebugMon_Handler)
    i.Error_Handler                          0x0800035c   Section        0  main.o(i.Error_Handler)
    i.Func_LED                               0x08000360   Section        0  freertos.o(i.Func_LED)
    i.HAL_DMA_Abort_IT                       0x080003a4   Section        0  stm32f7xx_hal_dma.o(i.HAL_DMA_Abort_IT)
    i.HAL_GPIO_Init                          0x080003c8   Section        0  stm32f7xx_hal_gpio.o(i.HAL_GPIO_Init)
    i.HAL_GPIO_TogglePin                     0x080005a0   Section        0  stm32f7xx_hal_gpio.o(i.HAL_GPIO_TogglePin)
    i.HAL_GPIO_WritePin                      0x080005a8   Section        0  stm32f7xx_hal_gpio.o(i.HAL_GPIO_WritePin)
    i.HAL_GetTick                            0x080005b4   Section        0  stm32f7xx_hal.o(i.HAL_GetTick)
    i.HAL_IncTick                            0x080005c0   Section        0  stm32f7xx_hal.o(i.HAL_IncTick)
    i.HAL_Init                               0x080005d0   Section        0  stm32f7xx_hal.o(i.HAL_Init)
    i.HAL_InitTick                           0x080005e8   Section        0  stm32f7xx_hal_timebase_tim.o(i.HAL_InitTick)
    i.HAL_MspInit                            0x0800065c   Section        0  stm32f7xx_hal_msp.o(i.HAL_MspInit)
    i.HAL_NVIC_EnableIRQ                     0x080006b4   Section        0  stm32f7xx_hal_cortex.o(i.HAL_NVIC_EnableIRQ)
    i.HAL_NVIC_SetPriority                   0x080006cc   Section        0  stm32f7xx_hal_cortex.o(i.HAL_NVIC_SetPriority)
    i.HAL_NVIC_SetPriorityGrouping           0x0800070c   Section        0  stm32f7xx_hal_cortex.o(i.HAL_NVIC_SetPriorityGrouping)
    i.HAL_PWREx_EnableOverDrive              0x08000730   Section        0  stm32f7xx_hal_pwr_ex.o(i.HAL_PWREx_EnableOverDrive)
    i.HAL_RCCEx_PeriphCLKConfig              0x0800079c   Section        0  stm32f7xx_hal_rcc_ex.o(i.HAL_RCCEx_PeriphCLKConfig)
    i.HAL_RCC_ClockConfig                    0x08000eb8   Section        0  stm32f7xx_hal_rcc.o(i.HAL_RCC_ClockConfig)
    i.HAL_RCC_GetClockConfig                 0x0800101c   Section        0  stm32f7xx_hal_rcc.o(i.HAL_RCC_GetClockConfig)
    i.HAL_RCC_GetHCLKFreq                    0x0800105c   Section        0  stm32f7xx_hal_rcc.o(i.HAL_RCC_GetHCLKFreq)
    i.HAL_RCC_GetPCLK1Freq                   0x08001068   Section        0  stm32f7xx_hal_rcc.o(i.HAL_RCC_GetPCLK1Freq)
    i.HAL_RCC_GetPCLK2Freq                   0x08001098   Section        0  stm32f7xx_hal_rcc.o(i.HAL_RCC_GetPCLK2Freq)
    i.HAL_RCC_GetSysClockFreq                0x080010c8   Section        0  stm32f7xx_hal_rcc.o(i.HAL_RCC_GetSysClockFreq)
    i.HAL_RCC_OscConfig                      0x0800114c   Section        0  stm32f7xx_hal_rcc_ex.o(i.HAL_RCC_OscConfig)
    i.HAL_SYSTICK_CLKSourceConfig            0x08001484   Section        0  stm32f7xx_hal_cortex.o(i.HAL_SYSTICK_CLKSourceConfig)
    i.HAL_SYSTICK_Config                     0x0800149c   Section        0  stm32f7xx_hal_cortex.o(i.HAL_SYSTICK_Config)
    i.HAL_TIMEx_BreakCallback                0x080014c2   Section        0  stm32f7xx_hal_tim_ex.o(i.HAL_TIMEx_BreakCallback)
    i.HAL_TIMEx_CommutationCallback          0x080014c4   Section        0  stm32f7xx_hal_tim_ex.o(i.HAL_TIMEx_CommutationCallback)
    i.HAL_TIM_Base_Init                      0x080014c6   Section        0  stm32f7xx_hal_tim.o(i.HAL_TIM_Base_Init)
    i.HAL_TIM_Base_MspInit                   0x080014f6   Section        0  stm32f7xx_hal_tim.o(i.HAL_TIM_Base_MspInit)
    i.HAL_TIM_Base_Start_IT                  0x080014f8   Section        0  stm32f7xx_hal_tim.o(i.HAL_TIM_Base_Start_IT)
    i.HAL_TIM_IC_CaptureCallback             0x08001510   Section        0  stm32f7xx_hal_tim.o(i.HAL_TIM_IC_CaptureCallback)
    i.HAL_TIM_IRQHandler                     0x08001512   Section        0  stm32f7xx_hal_tim.o(i.HAL_TIM_IRQHandler)
    i.HAL_TIM_OC_DelayElapsedCallback        0x08001690   Section        0  stm32f7xx_hal_tim.o(i.HAL_TIM_OC_DelayElapsedCallback)
    i.HAL_TIM_PWM_PulseFinishedCallback      0x08001692   Section        0  stm32f7xx_hal_tim.o(i.HAL_TIM_PWM_PulseFinishedCallback)
    i.HAL_TIM_PeriodElapsedCallback          0x08001694   Section        0  main.o(i.HAL_TIM_PeriodElapsedCallback)
    i.HAL_TIM_TriggerCallback                0x080016a8   Section        0  stm32f7xx_hal_tim.o(i.HAL_TIM_TriggerCallback)
    i.HAL_UART_ErrorCallback                 0x080016aa   Section        0  stm32f7xx_hal_uart.o(i.HAL_UART_ErrorCallback)
    i.HAL_UART_GetState                      0x080016ac   Section        0  stm32f7xx_hal_uart.o(i.HAL_UART_GetState)
    i.HAL_UART_IRQHandler                    0x080016b8   Section        0  stm32f7xx_hal_uart.o(i.HAL_UART_IRQHandler)
    i.HAL_UART_Init                          0x08001830   Section        0  stm32f7xx_hal_uart.o(i.HAL_UART_Init)
    i.HAL_UART_MspInit                       0x0800189c   Section        0  usart.o(i.HAL_UART_MspInit)
    i.HAL_UART_Receive_IT                    0x080018f4   Section        0  stm32f7xx_hal_uart.o(i.HAL_UART_Receive_IT)
    i.HAL_UART_RxCpltCallback                0x0800198c   Section        0  stm32f7xx_hal_uart.o(i.HAL_UART_RxCpltCallback)
    i.HAL_UART_TxCpltCallback                0x0800198e   Section        0  stm32f7xx_hal_uart.o(i.HAL_UART_TxCpltCallback)
    i.HardFault_Handler                      0x08001990   Section        0  stm32f7xx_it.o(i.HardFault_Handler)
    i.MX_FREERTOS_Init                       0x08001994   Section        0  freertos.o(i.MX_FREERTOS_Init)
    i.MX_GPIO_Init                           0x080019d0   Section        0  gpio.o(i.MX_GPIO_Init)
    i.MX_USART1_UART_Init                    0x08001a34   Section        0  usart.o(i.MX_USART1_UART_Init)
    i.MemManage_Handler                      0x08001a70   Section        0  stm32f7xx_it.o(i.MemManage_Handler)
    i.NMI_Handler                            0x08001a72   Section        0  stm32f7xx_it.o(i.NMI_Handler)
    i.NVIC_SetPriority                       0x08001a74   Section        0  stm32f7xx_hal_cortex.o(i.NVIC_SetPriority)
    NVIC_SetPriority                         0x08001a75   Thumb Code    34  stm32f7xx_hal_cortex.o(i.NVIC_SetPriority)
    i.StartDefaultTask                       0x08001a96   Section        0  freertos.o(i.StartDefaultTask)
    i.SysTick_Handler                        0x08001a9e   Section        0  stm32f7xx_it.o(i.SysTick_Handler)
    i.SystemClock_Config                     0x08001aa4   Section        0  main.o(i.SystemClock_Config)
    i.SystemInit                             0x08001b58   Section        0  system_stm32f7xx.o(i.SystemInit)
    i.TIM8_TRG_COM_TIM14_IRQHandler          0x08001bac   Section        0  stm32f7xx_it.o(i.TIM8_TRG_COM_TIM14_IRQHandler)
    i.TIM_Base_SetConfig                     0x08001bb8   Section        0  stm32f7xx_hal_tim.o(i.TIM_Base_SetConfig)
    i.UART_AdvFeatureConfig                  0x08001c7c   Section        0  stm32f7xx_hal_uart.o(i.UART_AdvFeatureConfig)
    i.UART_CheckIdleState                    0x08001d44   Section        0  stm32f7xx_hal_uart.o(i.UART_CheckIdleState)
    i.UART_DMAAbortOnError                   0x08001da0   Section        0  stm32f7xx_hal_uart.o(i.UART_DMAAbortOnError)
    UART_DMAAbortOnError                     0x08001da1   Thumb Code    20  stm32f7xx_hal_uart.o(i.UART_DMAAbortOnError)
    i.UART_EndRxTransfer                     0x08001db4   Section        0  stm32f7xx_hal_uart.o(i.UART_EndRxTransfer)
    UART_EndRxTransfer                       0x08001db5   Thumb Code    28  stm32f7xx_hal_uart.o(i.UART_EndRxTransfer)
    i.UART_Receive_IT                        0x08001dd0   Section        0  stm32f7xx_hal_uart.o(i.UART_Receive_IT)
    UART_Receive_IT                          0x08001dd1   Thumb Code   120  stm32f7xx_hal_uart.o(i.UART_Receive_IT)
    i.UART_SetConfig                         0x08001e48   Section        0  stm32f7xx_hal_uart.o(i.UART_SetConfig)
    i.UART_WaitOnFlagUntilTimeout            0x080020a0   Section        0  stm32f7xx_hal_uart.o(i.UART_WaitOnFlagUntilTimeout)
    i.USART1_IRQHandler                      0x08002104   Section        0  uart.o(i.USART1_IRQHandler)
    i.UsageFault_Handler                     0x08002148   Section        0  stm32f7xx_it.o(i.UsageFault_Handler)
    i.__0printf$bare                         0x0800214c   Section        0  printfb.o(i.__0printf$bare)
    i.__scatterload_copy                     0x0800215c   Section       14  handlers.o(i.__scatterload_copy)
    i.__scatterload_null                     0x0800216a   Section        2  handlers.o(i.__scatterload_null)
    i.__scatterload_zeroinit                 0x0800216c   Section       14  handlers.o(i.__scatterload_zeroinit)
    i._printf_core                           0x0800217a   Section        0  printfb.o(i._printf_core)
    _printf_core                             0x0800217b   Thumb Code    34  printfb.o(i._printf_core)
    i.fputc                                  0x0800219c   Section        0  uart.o(i.fputc)
    i.main                                   0x080021b0   Section        0  main.o(i.main)
    i.makeFreeRtosPriority                   0x080021ca   Section        0  cmsis_os.o(i.makeFreeRtosPriority)
    makeFreeRtosPriority                     0x080021cb   Thumb Code    14  cmsis_os.o(i.makeFreeRtosPriority)
    i.osDelay                                0x080021d8   Section        0  cmsis_os.o(i.osDelay)
    i.osKernelStart                          0x080021e6   Section        0  cmsis_os.o(i.osKernelStart)
    i.osSystickHandler                       0x080021f0   Section        0  cmsis_os.o(i.osSystickHandler)
    i.osThreadCreate                         0x08002204   Section        0  cmsis_os.o(i.osThreadCreate)
    i.prvAddCurrentTaskToDelayedList         0x0800223c   Section        0  tasks.o(i.prvAddCurrentTaskToDelayedList)
    prvAddCurrentTaskToDelayedList           0x0800223d   Thumb Code    48  tasks.o(i.prvAddCurrentTaskToDelayedList)
    i.prvCheckTasksWaitingTermination        0x08002270   Section        0  tasks.o(i.prvCheckTasksWaitingTermination)
    prvCheckTasksWaitingTermination          0x08002271   Thumb Code    76  tasks.o(i.prvCheckTasksWaitingTermination)
    i.prvHeapInit                            0x080022c4   Section        0  heap_4.o(i.prvHeapInit)
    prvHeapInit                              0x080022c5   Thumb Code    70  heap_4.o(i.prvHeapInit)
    i.prvIdleTask                            0x08002314   Section        0  tasks.o(i.prvIdleTask)
    prvIdleTask                              0x08002315   Thumb Code    30  tasks.o(i.prvIdleTask)
    i.prvInsertBlockIntoFreeList             0x0800233c   Section        0  heap_4.o(i.prvInsertBlockIntoFreeList)
    prvInsertBlockIntoFreeList               0x0800233d   Thumb Code    72  heap_4.o(i.prvInsertBlockIntoFreeList)
    i.prvResetNextTaskUnblockTime            0x08002388   Section        0  tasks.o(i.prvResetNextTaskUnblockTime)
    prvResetNextTaskUnblockTime              0x08002389   Thumb Code    26  tasks.o(i.prvResetNextTaskUnblockTime)
    i.prvTaskExitError                       0x080023a8   Section        0  port.o(i.prvTaskExitError)
    prvTaskExitError                         0x080023a9   Thumb Code    42  port.o(i.prvTaskExitError)
    i.pvPortMalloc                           0x080023d8   Section        0  heap_4.o(i.pvPortMalloc)
    i.pxPortInitialiseStack                  0x080024bc   Section        0  port.o(i.pxPortInitialiseStack)
    i.uxListRemove                           0x080024e4   Section        0  list.o(i.uxListRemove)
    i.vListInitialise                        0x08002508   Section        0  list.o(i.vListInitialise)
    i.vListInitialiseItem                    0x0800251e   Section        0  list.o(i.vListInitialiseItem)
    i.vListInsert                            0x08002524   Section        0  list.o(i.vListInsert)
    i.vListInsertEnd                         0x08002554   Section        0  list.o(i.vListInsertEnd)
    i.vPortEnterCritical                     0x0800256c   Section        0  port.o(i.vPortEnterCritical)
    i.vPortExitCritical                      0x080025b4   Section        0  port.o(i.vPortExitCritical)
    i.vPortFree                              0x080025e0   Section        0  heap_4.o(i.vPortFree)
    i.vPortSetupTimerInterrupt               0x08002644   Section        0  port.o(i.vPortSetupTimerInterrupt)
    i.vTaskDelay                             0x08002664   Section        0  tasks.o(i.vTaskDelay)
    i.vTaskStartScheduler                    0x080026d0   Section        0  tasks.o(i.vTaskStartScheduler)
    i.vTaskSuspendAll                        0x08002740   Section        0  tasks.o(i.vTaskSuspendAll)
    i.vTaskSwitchContext                     0x08002750   Section        0  tasks.o(i.vTaskSwitchContext)
    i.xPortStartScheduler                    0x080027b0   Section        0  port.o(i.xPortStartScheduler)
    i.xPortSysTickHandler                    0x08002858   Section        0  port.o(i.xPortSysTickHandler)
    i.xTaskGenericCreate                     0x08002888   Section        0  tasks.o(i.xTaskGenericCreate)
    i.xTaskGetSchedulerState                 0x08002a50   Section        0  tasks.o(i.xTaskGetSchedulerState)
    i.xTaskIncrementTick                     0x08002a6c   Section        0  tasks.o(i.xTaskIncrementTick)
    i.xTaskResumeAll                         0x08002b3c   Section        0  tasks.o(i.xTaskResumeAll)
    .constdata                               0x08002c04   Section       16  system_stm32f7xx.o(.constdata)
    .constdata                               0x08002c14   Section        8  system_stm32f7xx.o(.constdata)
    .constdata                               0x08002c1c   Section       40  freertos.o(.constdata)
    .conststring                             0x08002c44   Section       24  freertos.o(.conststring)
    .data                                    0x20000000   Section        4  system_stm32f7xx.o(.data)
    .data                                    0x20000004   Section        8  freertos.o(.data)
    .data                                    0x2000000c   Section        4  stm32f7xx_hal.o(.data)
    .data                                    0x20000010   Section       12  port.o(.data)
    ucMaxSysCallPriority                     0x20000010   Data           1  port.o(.data)
    uxCriticalNesting                        0x20000014   Data           4  port.o(.data)
    ulMaxPRIGROUPValue                       0x20000018   Data           4  port.o(.data)
    .data                                    0x2000001c   Section       56  tasks.o(.data)
    uxTasksDeleted                           0x20000020   Data           4  tasks.o(.data)
    uxCurrentNumberOfTasks                   0x20000024   Data           4  tasks.o(.data)
    xTickCount                               0x20000028   Data           4  tasks.o(.data)
    uxTopReadyPriority                       0x2000002c   Data           4  tasks.o(.data)
    xSchedulerRunning                        0x20000030   Data           4  tasks.o(.data)
    uxPendedTicks                            0x20000034   Data           4  tasks.o(.data)
    xYieldPending                            0x20000038   Data           4  tasks.o(.data)
    xNumOfOverflows                          0x2000003c   Data           4  tasks.o(.data)
    uxTaskNumber                             0x20000040   Data           4  tasks.o(.data)
    xNextTaskUnblockTime                     0x20000044   Data           4  tasks.o(.data)
    uxSchedulerSuspended                     0x20000048   Data           4  tasks.o(.data)
    pxDelayedTaskList                        0x2000004c   Data           4  tasks.o(.data)
    pxOverflowDelayedTaskList                0x20000050   Data           4  tasks.o(.data)
    .data                                    0x20000054   Section       24  heap_4.o(.data)
    pxEnd                                    0x20000054   Data           4  heap_4.o(.data)
    xFreeBytesRemaining                      0x20000058   Data           4  heap_4.o(.data)
    xMinimumEverFreeBytesRemaining           0x2000005c   Data           4  heap_4.o(.data)
    xBlockAllocatedBit                       0x20000060   Data           4  heap_4.o(.data)
    xStart                                   0x20000064   Data           8  heap_4.o(.data)
    .data                                    0x2000006c   Section        4  uart.o(.data)
    .data                                    0x20000070   Section        1  uart.o(.data)
    .bss                                     0x20000074   Section       60  stm32f7xx_hal_timebase_tim.o(.bss)
    .bss                                     0x200000b0   Section      112  usart.o(.bss)
    .bss                                     0x20000120   Section      240  tasks.o(.bss)
    pxReadyTasksLists                        0x20000120   Data         140  tasks.o(.bss)
    xDelayedTaskList1                        0x200001ac   Data          20  tasks.o(.bss)
    xDelayedTaskList2                        0x200001c0   Data          20  tasks.o(.bss)
    xPendingReadyList                        0x200001d4   Data          20  tasks.o(.bss)
    xTasksWaitingTermination                 0x200001e8   Data          20  tasks.o(.bss)
    xSuspendedTaskList                       0x200001fc   Data          20  tasks.o(.bss)
    .bss                                     0x20000210   Section    15360  heap_4.o(.bss)
    ucHeap                                   0x20000210   Data       15360  heap_4.o(.bss)
    .bss                                     0x20003e10   Section      112  uart.o(.bss)
    STACK                                    0x20003e80   Section     1024  startup_stm32f767xx.o(STACK)

    Global Symbols

    Symbol Name                              Value     Ov Type        Size  Object(Section)

    BuildAttributes$$THM_ISAv4$E$P$D$K$B$S$7EM$VFPi5$EXTD16$VFPS$VFMA$PE$PLD8$A:L22UL41UL21$X:L11$S22US41US21$IEEE1$IW$USESV6$~STKCKD$USESV7$~SHL$OSPACE$ROPI$EBA8$MICROLIB$REQ8$PRES8$EABIv2 0x00000000   Number         0  anon$$obj.o ABSOLUTE
    __ARM_use_no_argv                        0x00000000   Number         0  main.o ABSOLUTE
    __use_no_errno                           0x00000000   Number         0  useno.o ABSOLUTE
    __use_no_exception_handling              0x00000000   Number         0  useno.o ABSOLUTE
    __use_no_fp                              0x00000000   Number         0  useno.o ABSOLUTE
    __use_no_heap                            0x00000000   Number         0  useno.o ABSOLUTE
    __use_no_heap_region                     0x00000000   Number         0  useno.o ABSOLUTE
    __use_no_semihosting                     0x00000000   Number         0  useno.o ABSOLUTE
    __use_no_semihosting_swi                 0x00000000   Number         0  useno.o ABSOLUTE
    __use_no_signal_handling                 0x00000000   Number         0  useno.o ABSOLUTE
    __cpp_initialize__aeabi_                  - Undefined Weak Reference
    __cxa_finalize                            - Undefined Weak Reference
    __decompress                              - Undefined Weak Reference
    _clock_init                               - Undefined Weak Reference
    _microlib_exit                            - Undefined Weak Reference
    __Vectors_Size                           0x000001f8   Number         0  startup_stm32f767xx.o ABSOLUTE
    __Vectors                                0x08000000   Data           4  startup_stm32f767xx.o(RESET)
    __Vectors_End                            0x080001f8   Data           0  startup_stm32f767xx.o(RESET)
    __main                                   0x080001f9   Thumb Code     0  entry.o(.ARM.Collect$$$$00000000)
    _main_stk                                0x080001f9   Thumb Code     0  entry2.o(.ARM.Collect$$$$00000001)
    _main_scatterload                        0x080001fd   Thumb Code     0  entry5.o(.ARM.Collect$$$$00000004)
    __main_after_scatterload                 0x08000201   Thumb Code     0  entry5.o(.ARM.Collect$$$$00000004)
    _main_clock                              0x08000201   Thumb Code     0  entry7b.o(.ARM.Collect$$$$00000008)
    _main_cpp_init                           0x08000201   Thumb Code     0  entry8b.o(.ARM.Collect$$$$0000000A)
    _main_init                               0x08000201   Thumb Code     0  entry9a.o(.ARM.Collect$$$$0000000B)
    __rt_final_cpp                           0x08000209   Thumb Code     0  entry10a.o(.ARM.Collect$$$$0000000D)
    __rt_final_exit                          0x08000209   Thumb Code     0  entry11a.o(.ARM.Collect$$$$0000000F)
    SVC_Handler                              0x0800020d   Thumb Code    28  port.o(.emb_text)
    __asm___6_port_c_39a90d8d__prvStartFirstTask 0x0800022d   Thumb Code    28  port.o(.emb_text)
    __asm___6_port_c_39a90d8d__prvEnableVFP  0x0800024d   Thumb Code    16  port.o(.emb_text)
    PendSV_Handler                           0x08000261   Thumb Code    92  port.o(.emb_text)
    vPortGetIPSR                             0x080002c1   Thumb Code     6  port.o(.emb_text)
    Reset_Handler                            0x080002c9   Thumb Code     8  startup_stm32f767xx.o(.text)
    ADC_IRQHandler                           0x080002e3   Thumb Code     0  startup_stm32f767xx.o(.text)
    CAN1_RX0_IRQHandler                      0x080002e3   Thumb Code     0  startup_stm32f767xx.o(.text)
    CAN1_RX1_IRQHandler                      0x080002e3   Thumb Code     0  startup_stm32f767xx.o(.text)
    CAN1_SCE_IRQHandler                      0x080002e3   Thumb Code     0  startup_stm32f767xx.o(.text)
    CAN1_TX_IRQHandler                       0x080002e3   Thumb Code     0  startup_stm32f767xx.o(.text)
    CAN2_RX0_IRQHandler                      0x080002e3   Thumb Code     0  startup_stm32f767xx.o(.text)
    CAN2_RX1_IRQHandler                      0x080002e3   Thumb Code     0  startup_stm32f767xx.o(.text)
    CAN2_SCE_IRQHandler                      0x080002e3   Thumb Code     0  startup_stm32f767xx.o(.text)
    CAN2_TX_IRQHandler                       0x080002e3   Thumb Code     0  startup_stm32f767xx.o(.text)
    CAN3_RX0_IRQHandler                      0x080002e3   Thumb Code     0  startup_stm32f767xx.o(.text)
    CAN3_RX1_IRQHandler                      0x080002e3   Thumb Code     0  startup_stm32f767xx.o(.text)
    CAN3_SCE_IRQHandler                      0x080002e3   Thumb Code     0  startup_stm32f767xx.o(.text)
    CAN3_TX_IRQHandler                       0x080002e3   Thumb Code     0  startup_stm32f767xx.o(.text)
    CEC_IRQHandler                           0x080002e3   Thumb Code     0  startup_stm32f767xx.o(.text)
    DCMI_IRQHandler                          0x080002e3   Thumb Code     0  startup_stm32f767xx.o(.text)
    DFSDM1_FLT0_IRQHandler                   0x080002e3   Thumb Code     0  startup_stm32f767xx.o(.text)
    DFSDM1_FLT1_IRQHandler                   0x080002e3   Thumb Code     0  startup_stm32f767xx.o(.text)
    DFSDM1_FLT2_IRQHandler                   0x080002e3   Thumb Code     0  startup_stm32f767xx.o(.text)
    DFSDM1_FLT3_IRQHandler                   0x080002e3   Thumb Code     0  startup_stm32f767xx.o(.text)
    DMA1_Stream0_IRQHandler                  0x080002e3   Thumb Code     0  startup_stm32f767xx.o(.text)
    DMA1_Stream1_IRQHandler                  0x080002e3   Thumb Code     0  startup_stm32f767xx.o(.text)
    DMA1_Stream2_IRQHandler                  0x080002e3   Thumb Code     0  startup_stm32f767xx.o(.text)
    DMA1_Stream3_IRQHandler                  0x080002e3   Thumb Code     0  startup_stm32f767xx.o(.text)
    DMA1_Stream4_IRQHandler                  0x080002e3   Thumb Code     0  startup_stm32f767xx.o(.text)
    DMA1_Stream5_IRQHandler                  0x080002e3   Thumb Code     0  startup_stm32f767xx.o(.text)
    DMA1_Stream6_IRQHandler                  0x080002e3   Thumb Code     0  startup_stm32f767xx.o(.text)
    DMA1_Stream7_IRQHandler                  0x080002e3   Thumb Code     0  startup_stm32f767xx.o(.text)
    DMA2D_IRQHandler                         0x080002e3   Thumb Code     0  startup_stm32f767xx.o(.text)
    DMA2_Stream0_IRQHandler                  0x080002e3   Thumb Code     0  startup_stm32f767xx.o(.text)
    DMA2_Stream1_IRQHandler                  0x080002e3   Thumb Code     0  startup_stm32f767xx.o(.text)
    DMA2_Stream2_IRQHandler                  0x080002e3   Thumb Code     0  startup_stm32f767xx.o(.text)
    DMA2_Stream3_IRQHandler                  0x080002e3   Thumb Code     0  startup_stm32f767xx.o(.text)
    DMA2_Stream4_IRQHandler                  0x080002e3   Thumb Code     0  startup_stm32f767xx.o(.text)
    DMA2_Stream5_IRQHandler                  0x080002e3   Thumb Code     0  startup_stm32f767xx.o(.text)
    DMA2_Stream6_IRQHandler                  0x080002e3   Thumb Code     0  startup_stm32f767xx.o(.text)
    DMA2_Stream7_IRQHandler                  0x080002e3   Thumb Code     0  startup_stm32f767xx.o(.text)
    ETH_IRQHandler                           0x080002e3   Thumb Code     0  startup_stm32f767xx.o(.text)
    ETH_WKUP_IRQHandler                      0x080002e3   Thumb Code     0  startup_stm32f767xx.o(.text)
    EXTI0_IRQHandler                         0x080002e3   Thumb Code     0  startup_stm32f767xx.o(.text)
    EXTI15_10_IRQHandler                     0x080002e3   Thumb Code     0  startup_stm32f767xx.o(.text)
    EXTI1_IRQHandler                         0x080002e3   Thumb Code     0  startup_stm32f767xx.o(.text)
    EXTI2_IRQHandler                         0x080002e3   Thumb Code     0  startup_stm32f767xx.o(.text)
    EXTI3_IRQHandler                         0x080002e3   Thumb Code     0  startup_stm32f767xx.o(.text)
    EXTI4_IRQHandler                         0x080002e3   Thumb Code     0  startup_stm32f767xx.o(.text)
    EXTI9_5_IRQHandler                       0x080002e3   Thumb Code     0  startup_stm32f767xx.o(.text)
    FLASH_IRQHandler                         0x080002e3   Thumb Code     0  startup_stm32f767xx.o(.text)
    FMC_IRQHandler                           0x080002e3   Thumb Code     0  startup_stm32f767xx.o(.text)
    FPU_IRQHandler                           0x080002e3   Thumb Code     0  startup_stm32f767xx.o(.text)
    I2C1_ER_IRQHandler                       0x080002e3   Thumb Code     0  startup_stm32f767xx.o(.text)
    I2C1_EV_IRQHandler                       0x080002e3   Thumb Code     0  startup_stm32f767xx.o(.text)
    I2C2_ER_IRQHandler                       0x080002e3   Thumb Code     0  startup_stm32f767xx.o(.text)
    I2C2_EV_IRQHandler                       0x080002e3   Thumb Code     0  startup_stm32f767xx.o(.text)
    I2C3_ER_IRQHandler                       0x080002e3   Thumb Code     0  startup_stm32f767xx.o(.text)
    I2C3_EV_IRQHandler                       0x080002e3   Thumb Code     0  startup_stm32f767xx.o(.text)
    I2C4_ER_IRQHandler                       0x080002e3   Thumb Code     0  startup_stm32f767xx.o(.text)
    I2C4_EV_IRQHandler                       0x080002e3   Thumb Code     0  startup_stm32f767xx.o(.text)
    JPEG_IRQHandler                          0x080002e3   Thumb Code     0  startup_stm32f767xx.o(.text)
    LPTIM1_IRQHandler                        0x080002e3   Thumb Code     0  startup_stm32f767xx.o(.text)
    LTDC_ER_IRQHandler                       0x080002e3   Thumb Code     0  startup_stm32f767xx.o(.text)
    LTDC_IRQHandler                          0x080002e3   Thumb Code     0  startup_stm32f767xx.o(.text)
    MDIOS_IRQHandler                         0x080002e3   Thumb Code     0  startup_stm32f767xx.o(.text)
    OTG_FS_IRQHandler                        0x080002e3   Thumb Code     0  startup_stm32f767xx.o(.text)
    OTG_FS_WKUP_IRQHandler                   0x080002e3   Thumb Code     0  startup_stm32f767xx.o(.text)
    OTG_HS_EP1_IN_IRQHandler                 0x080002e3   Thumb Code     0  startup_stm32f767xx.o(.text)
    OTG_HS_EP1_OUT_IRQHandler                0x080002e3   Thumb Code     0  startup_stm32f767xx.o(.text)
    OTG_HS_IRQHandler                        0x080002e3   Thumb Code     0  startup_stm32f767xx.o(.text)
    OTG_HS_WKUP_IRQHandler                   0x080002e3   Thumb Code     0  startup_stm32f767xx.o(.text)
    PVD_IRQHandler                           0x080002e3   Thumb Code     0  startup_stm32f767xx.o(.text)
    QUADSPI_IRQHandler                       0x080002e3   Thumb Code     0  startup_stm32f767xx.o(.text)
    RCC_IRQHandler                           0x080002e3   Thumb Code     0  startup_stm32f767xx.o(.text)
    RNG_IRQHandler                           0x080002e3   Thumb Code     0  startup_stm32f767xx.o(.text)
    RTC_Alarm_IRQHandler                     0x080002e3   Thumb Code     0  startup_stm32f767xx.o(.text)
    RTC_WKUP_IRQHandler                      0x080002e3   Thumb Code     0  startup_stm32f767xx.o(.text)
    SAI1_IRQHandler                          0x080002e3   Thumb Code     0  startup_stm32f767xx.o(.text)
    SAI2_IRQHandler                          0x080002e3   Thumb Code     0  startup_stm32f767xx.o(.text)
    SDMMC1_IRQHandler                        0x080002e3   Thumb Code     0  startup_stm32f767xx.o(.text)
    SDMMC2_IRQHandler                        0x080002e3   Thumb Code     0  startup_stm32f767xx.o(.text)
    SPDIF_RX_IRQHandler                      0x080002e3   Thumb Code     0  startup_stm32f767xx.o(.text)
    SPI1_IRQHandler                          0x080002e3   Thumb Code     0  startup_stm32f767xx.o(.text)
    SPI2_IRQHandler                          0x080002e3   Thumb Code     0  startup_stm32f767xx.o(.text)
    SPI3_IRQHandler                          0x080002e3   Thumb Code     0  startup_stm32f767xx.o(.text)
    SPI4_IRQHandler                          0x080002e3   Thumb Code     0  startup_stm32f767xx.o(.text)
    SPI5_IRQHandler                          0x080002e3   Thumb Code     0  startup_stm32f767xx.o(.text)
    SPI6_IRQHandler                          0x080002e3   Thumb Code     0  startup_stm32f767xx.o(.text)
    TAMP_STAMP_IRQHandler                    0x080002e3   Thumb Code     0  startup_stm32f767xx.o(.text)
    TIM1_BRK_TIM9_IRQHandler                 0x080002e3   Thumb Code     0  startup_stm32f767xx.o(.text)
    TIM1_CC_IRQHandler                       0x080002e3   Thumb Code     0  startup_stm32f767xx.o(.text)
    TIM1_TRG_COM_TIM11_IRQHandler            0x080002e3   Thumb Code     0  startup_stm32f767xx.o(.text)
    TIM1_UP_TIM10_IRQHandler                 0x080002e3   Thumb Code     0  startup_stm32f767xx.o(.text)
    TIM2_IRQHandler                          0x080002e3   Thumb Code     0  startup_stm32f767xx.o(.text)
    TIM3_IRQHandler                          0x080002e3   Thumb Code     0  startup_stm32f767xx.o(.text)
    TIM4_IRQHandler                          0x080002e3   Thumb Code     0  startup_stm32f767xx.o(.text)
    TIM5_IRQHandler                          0x080002e3   Thumb Code     0  startup_stm32f767xx.o(.text)
    TIM6_DAC_IRQHandler                      0x080002e3   Thumb Code     0  startup_stm32f767xx.o(.text)
    TIM7_IRQHandler                          0x080002e3   Thumb Code     0  startup_stm32f767xx.o(.text)
    TIM8_BRK_TIM12_IRQHandler                0x080002e3   Thumb Code     0  startup_stm32f767xx.o(.text)
    TIM8_CC_IRQHandler                       0x080002e3   Thumb Code     0  startup_stm32f767xx.o(.text)
    TIM8_UP_TIM13_IRQHandler                 0x080002e3   Thumb Code     0  startup_stm32f767xx.o(.text)
    UART4_IRQHandler                         0x080002e3   Thumb Code     0  startup_stm32f767xx.o(.text)
    UART5_IRQHandler                         0x080002e3   Thumb Code     0  startup_stm32f767xx.o(.text)
    UART7_IRQHandler                         0x080002e3   Thumb Code     0  startup_stm32f767xx.o(.text)
    UART8_IRQHandler                         0x080002e3   Thumb Code     0  startup_stm32f767xx.o(.text)
    USART2_IRQHandler                        0x080002e3   Thumb Code     0  startup_stm32f767xx.o(.text)
    USART3_IRQHandler                        0x080002e3   Thumb Code     0  startup_stm32f767xx.o(.text)
    USART6_IRQHandler                        0x080002e3   Thumb Code     0  startup_stm32f767xx.o(.text)
    WWDG_IRQHandler                          0x080002e3   Thumb Code     0  startup_stm32f767xx.o(.text)
    __aeabi_memcpy                           0x080002ed   Thumb Code    36  memcpya.o(.text)
    __aeabi_memcpy4                          0x080002ed   Thumb Code     0  memcpya.o(.text)
    __aeabi_memcpy8                          0x080002ed   Thumb Code     0  memcpya.o(.text)
    __aeabi_memset                           0x08000311   Thumb Code    14  memseta.o(.text)
    __aeabi_memset4                          0x08000311   Thumb Code     0  memseta.o(.text)
    __aeabi_memset8                          0x08000311   Thumb Code     0  memseta.o(.text)
    __aeabi_memclr                           0x0800031f   Thumb Code     4  memseta.o(.text)
    __aeabi_memclr4                          0x0800031f   Thumb Code     0  memseta.o(.text)
    __aeabi_memclr8                          0x0800031f   Thumb Code     0  memseta.o(.text)
    _memset$wrapper                          0x08000323   Thumb Code    18  memseta.o(.text)
    __scatterload                            0x08000335   Thumb Code    28  init.o(.text)
    __scatterload_rt2                        0x08000335   Thumb Code     0  init.o(.text)
    BusFault_Handler                         0x08000359   Thumb Code     2  stm32f7xx_it.o(i.BusFault_Handler)
    DebugMon_Handler                         0x0800035b   Thumb Code     2  stm32f7xx_it.o(i.DebugMon_Handler)
    Error_Handler                            0x0800035d   Thumb Code     2  main.o(i.Error_Handler)
    Func_LED                                 0x08000361   Thumb Code    48  freertos.o(i.Func_LED)
    HAL_DMA_Abort_IT                         0x080003a5   Thumb Code    36  stm32f7xx_hal_dma.o(i.HAL_DMA_Abort_IT)
    HAL_GPIO_Init                            0x080003c9   Thumb Code   418  stm32f7xx_hal_gpio.o(i.HAL_GPIO_Init)
    HAL_GPIO_TogglePin                       0x080005a1   Thumb Code     8  stm32f7xx_hal_gpio.o(i.HAL_GPIO_TogglePin)
    HAL_GPIO_WritePin                        0x080005a9   Thumb Code    10  stm32f7xx_hal_gpio.o(i.HAL_GPIO_WritePin)
    HAL_GetTick                              0x080005b5   Thumb Code     6  stm32f7xx_hal.o(i.HAL_GetTick)
    HAL_IncTick                              0x080005c1   Thumb Code    10  stm32f7xx_hal.o(i.HAL_IncTick)
    HAL_Init                                 0x080005d1   Thumb Code    22  stm32f7xx_hal.o(i.HAL_Init)
    HAL_InitTick                             0x080005e9   Thumb Code   100  stm32f7xx_hal_timebase_tim.o(i.HAL_InitTick)
    HAL_MspInit                              0x0800065d   Thumb Code    88  stm32f7xx_hal_msp.o(i.HAL_MspInit)
    HAL_NVIC_EnableIRQ                       0x080006b5   Thumb Code    22  stm32f7xx_hal_cortex.o(i.HAL_NVIC_EnableIRQ)
    HAL_NVIC_SetPriority                     0x080006cd   Thumb Code    60  stm32f7xx_hal_cortex.o(i.HAL_NVIC_SetPriority)
    HAL_NVIC_SetPriorityGrouping             0x0800070d   Thumb Code    28  stm32f7xx_hal_cortex.o(i.HAL_NVIC_SetPriorityGrouping)
    HAL_PWREx_EnableOverDrive                0x08000731   Thumb Code   100  stm32f7xx_hal_pwr_ex.o(i.HAL_PWREx_EnableOverDrive)
    HAL_RCCEx_PeriphCLKConfig                0x0800079d   Thumb Code  1816  stm32f7xx_hal_rcc_ex.o(i.HAL_RCCEx_PeriphCLKConfig)
    HAL_RCC_ClockConfig                      0x08000eb9   Thumb Code   338  stm32f7xx_hal_rcc.o(i.HAL_RCC_ClockConfig)
    HAL_RCC_GetClockConfig                   0x0800101d   Thumb Code    56  stm32f7xx_hal_rcc.o(i.HAL_RCC_GetClockConfig)
    HAL_RCC_GetHCLKFreq                      0x0800105d   Thumb Code     6  stm32f7xx_hal_rcc.o(i.HAL_RCC_GetHCLKFreq)
    HAL_RCC_GetPCLK1Freq                     0x08001069   Thumb Code    34  stm32f7xx_hal_rcc.o(i.HAL_RCC_GetPCLK1Freq)
    HAL_RCC_GetPCLK2Freq                     0x08001099   Thumb Code    34  stm32f7xx_hal_rcc.o(i.HAL_RCC_GetPCLK2Freq)
    HAL_RCC_GetSysClockFreq                  0x080010c9   Thumb Code   120  stm32f7xx_hal_rcc.o(i.HAL_RCC_GetSysClockFreq)
    HAL_RCC_OscConfig                        0x0800114d   Thumb Code   814  stm32f7xx_hal_rcc_ex.o(i.HAL_RCC_OscConfig)
    HAL_SYSTICK_CLKSourceConfig              0x08001485   Thumb Code    24  stm32f7xx_hal_cortex.o(i.HAL_SYSTICK_CLKSourceConfig)
    HAL_SYSTICK_Config                       0x0800149d   Thumb Code    38  stm32f7xx_hal_cortex.o(i.HAL_SYSTICK_Config)
    HAL_TIMEx_BreakCallback                  0x080014c3   Thumb Code     2  stm32f7xx_hal_tim_ex.o(i.HAL_TIMEx_BreakCallback)
    HAL_TIMEx_CommutationCallback            0x080014c5   Thumb Code     2  stm32f7xx_hal_tim_ex.o(i.HAL_TIMEx_CommutationCallback)
    HAL_TIM_Base_Init                        0x080014c7   Thumb Code    48  stm32f7xx_hal_tim.o(i.HAL_TIM_Base_Init)
    HAL_TIM_Base_MspInit                     0x080014f7   Thumb Code     2  stm32f7xx_hal_tim.o(i.HAL_TIM_Base_MspInit)
    HAL_TIM_Base_Start_IT                    0x080014f9   Thumb Code    24  stm32f7xx_hal_tim.o(i.HAL_TIM_Base_Start_IT)
    HAL_TIM_IC_CaptureCallback               0x08001511   Thumb Code     2  stm32f7xx_hal_tim.o(i.HAL_TIM_IC_CaptureCallback)
    HAL_TIM_IRQHandler                       0x08001513   Thumb Code   382  stm32f7xx_hal_tim.o(i.HAL_TIM_IRQHandler)
    HAL_TIM_OC_DelayElapsedCallback          0x08001691   Thumb Code     2  stm32f7xx_hal_tim.o(i.HAL_TIM_OC_DelayElapsedCallback)
    HAL_TIM_PWM_PulseFinishedCallback        0x08001693   Thumb Code     2  stm32f7xx_hal_tim.o(i.HAL_TIM_PWM_PulseFinishedCallback)
    HAL_TIM_PeriodElapsedCallback            0x08001695   Thumb Code    14  main.o(i.HAL_TIM_PeriodElapsedCallback)
    HAL_TIM_TriggerCallback                  0x080016a9   Thumb Code     2  stm32f7xx_hal_tim.o(i.HAL_TIM_TriggerCallback)
    HAL_UART_ErrorCallback                   0x080016ab   Thumb Code     2  stm32f7xx_hal_uart.o(i.HAL_UART_ErrorCallback)
    HAL_UART_GetState                        0x080016ad   Thumb Code    12  stm32f7xx_hal_uart.o(i.HAL_UART_GetState)
    HAL_UART_IRQHandler                      0x080016b9   Thumb Code   372  stm32f7xx_hal_uart.o(i.HAL_UART_IRQHandler)
    HAL_UART_Init                            0x08001831   Thumb Code   106  stm32f7xx_hal_uart.o(i.HAL_UART_Init)
    HAL_UART_MspInit                         0x0800189d   Thumb Code    74  usart.o(i.HAL_UART_MspInit)
    HAL_UART_Receive_IT                      0x080018f5   Thumb Code   152  stm32f7xx_hal_uart.o(i.HAL_UART_Receive_IT)
    HAL_UART_RxCpltCallback                  0x0800198d   Thumb Code     2  stm32f7xx_hal_uart.o(i.HAL_UART_RxCpltCallback)
    HAL_UART_TxCpltCallback                  0x0800198f   Thumb Code     2  stm32f7xx_hal_uart.o(i.HAL_UART_TxCpltCallback)
    HardFault_Handler                        0x08001991   Thumb Code     2  stm32f7xx_it.o(i.HardFault_Handler)
    MX_FREERTOS_Init                         0x08001995   Thumb Code    52  freertos.o(i.MX_FREERTOS_Init)
    MX_GPIO_Init                             0x080019d1   Thumb Code    90  gpio.o(i.MX_GPIO_Init)
    MX_USART1_UART_Init                      0x08001a35   Thumb Code    52  usart.o(i.MX_USART1_UART_Init)
    MemManage_Handler                        0x08001a71   Thumb Code     2  stm32f7xx_it.o(i.MemManage_Handler)
    NMI_Handler                              0x08001a73   Thumb Code     2  stm32f7xx_it.o(i.NMI_Handler)
    StartDefaultTask                         0x08001a97   Thumb Code     8  freertos.o(i.StartDefaultTask)
    SysTick_Handler                          0x08001a9f   Thumb Code     4  stm32f7xx_it.o(i.SysTick_Handler)
    SystemClock_Config                       0x08001aa5   Thumb Code   170  main.o(i.SystemClock_Config)
    SystemInit                               0x08001b59   Thumb Code    68  system_stm32f7xx.o(i.SystemInit)
    TIM8_TRG_COM_TIM14_IRQHandler            0x08001bad   Thumb Code     6  stm32f7xx_it.o(i.TIM8_TRG_COM_TIM14_IRQHandler)
    TIM_Base_SetConfig                       0x08001bb9   Thumb Code   150  stm32f7xx_hal_tim.o(i.TIM_Base_SetConfig)
    UART_AdvFeatureConfig                    0x08001c7d   Thumb Code   200  stm32f7xx_hal_uart.o(i.UART_AdvFeatureConfig)
    UART_CheckIdleState                      0x08001d45   Thumb Code    92  stm32f7xx_hal_uart.o(i.UART_CheckIdleState)
    UART_SetConfig                           0x08001e49   Thumb Code   550  stm32f7xx_hal_uart.o(i.UART_SetConfig)
    UART_WaitOnFlagUntilTimeout              0x080020a1   Thumb Code   100  stm32f7xx_hal_uart.o(i.UART_WaitOnFlagUntilTimeout)
    USART1_IRQHandler                        0x08002105   Thumb Code    56  uart.o(i.USART1_IRQHandler)
    UsageFault_Handler                       0x08002149   Thumb Code     2  stm32f7xx_it.o(i.UsageFault_Handler)
    __0printf$bare                           0x0800214d   Thumb Code     8  printfb.o(i.__0printf$bare)
    __1printf$bare                           0x0800214d   Thumb Code     0  printfb.o(i.__0printf$bare)
    __2printf                                0x0800214d   Thumb Code     0  printfb.o(i.__0printf$bare)
    __scatterload_copy                       0x0800215d   Thumb Code    14  handlers.o(i.__scatterload_copy)
    __scatterload_null                       0x0800216b   Thumb Code     2  handlers.o(i.__scatterload_null)
    __scatterload_zeroinit                   0x0800216d   Thumb Code    14  handlers.o(i.__scatterload_zeroinit)
    fputc                                    0x0800219d   Thumb Code    14  uart.o(i.fputc)
    main                                     0x080021b1   Thumb Code    26  main.o(i.main)
    osDelay                                  0x080021d9   Thumb Code    14  cmsis_os.o(i.osDelay)
    osKernelStart                            0x080021e7   Thumb Code    10  cmsis_os.o(i.osKernelStart)
    osSystickHandler                         0x080021f1   Thumb Code    20  cmsis_os.o(i.osSystickHandler)
    osThreadCreate                           0x08002205   Thumb Code    56  cmsis_os.o(i.osThreadCreate)
    pvPortMalloc                             0x080023d9   Thumb Code   222  heap_4.o(i.pvPortMalloc)
    pxPortInitialiseStack                    0x080024bd   Thumb Code    36  port.o(i.pxPortInitialiseStack)
    uxListRemove                             0x080024e5   Thumb Code    36  list.o(i.uxListRemove)
    vListInitialise                          0x08002509   Thumb Code    22  list.o(i.vListInitialise)
    vListInitialiseItem                      0x0800251f   Thumb Code     6  list.o(i.vListInitialiseItem)
    vListInsert                              0x08002525   Thumb Code    48  list.o(i.vListInsert)
    vListInsertEnd                           0x08002555   Thumb Code    24  list.o(i.vListInsertEnd)
    vPortEnterCritical                       0x0800256d   Thumb Code    62  port.o(i.vPortEnterCritical)
    vPortExitCritical                        0x080025b5   Thumb Code    38  port.o(i.vPortExitCritical)
    vPortFree                                0x080025e1   Thumb Code    96  heap_4.o(i.vPortFree)
    vPortSetupTimerInterrupt                 0x08002645   Thumb Code    26  port.o(i.vPortSetupTimerInterrupt)
    vTaskDelay                               0x08002665   Thumb Code    98  tasks.o(i.vTaskDelay)
    vTaskStartScheduler                      0x080026d1   Thumb Code    94  tasks.o(i.vTaskStartScheduler)
    vTaskSuspendAll                          0x08002741   Thumb Code    10  tasks.o(i.vTaskSuspendAll)
    vTaskSwitchContext                       0x08002751   Thumb Code    86  tasks.o(i.vTaskSwitchContext)
    xPortStartScheduler                      0x080027b1   Thumb Code   152  port.o(i.xPortStartScheduler)
    xPortSysTickHandler                      0x08002859   Thumb Code    42  port.o(i.xPortSysTickHandler)
    xTaskGenericCreate                       0x08002889   Thumb Code   442  tasks.o(i.xTaskGenericCreate)
    xTaskGetSchedulerState                   0x08002a51   Thumb Code    22  tasks.o(i.xTaskGetSchedulerState)
    xTaskIncrementTick                       0x08002a6d   Thumb Code   198  tasks.o(i.xTaskIncrementTick)
    xTaskResumeAll                           0x08002b3d   Thumb Code   186  tasks.o(i.xTaskResumeAll)
    AHBPrescTable                            0x08002c04   Data          16  system_stm32f7xx.o(.constdata)
    APBPrescTable                            0x08002c14   Data           8  system_stm32f7xx.o(.constdata)
    Region$$Table$$Base                      0x08002c5c   Number         0  anon$$obj.o(Region$$Table)
    Region$$Table$$Limit                     0x08002c7c   Number         0  anon$$obj.o(Region$$Table)
    SystemCoreClock                          0x20000000   Data           4  system_stm32f7xx.o(.data)
    defaultTaskHandle                        0x20000004   Data           4  freertos.o(.data)
    Task_LEDHandle                           0x20000008   Data           4  freertos.o(.data)
    uwTick                                   0x2000000c   Data           4  stm32f7xx_hal.o(.data)
    pxCurrentTCB                             0x2000001c   Data           4  tasks.o(.data)
    __stdout                                 0x2000006c   Data           4  uart.o(.data)
    aRxBuffer                                0x20000070   Data           1  uart.o(.data)
    htim14                                   0x20000074   Data          60  stm32f7xx_hal_timebase_tim.o(.bss)
    huart1                                   0x200000b0   Data         112  usart.o(.bss)
    UART1_Handler                            0x20003e10   Data         112  uart.o(.bss)
    __initial_sp                             0x20004280   Data           0  startup_stm32f767xx.o(STACK)



==============================================================================

Memory Map of the image

  Image Entry point : 0x080001f9

  Load Region LR_IROM1 (Base: 0x08000000, Size: 0x00002cf0, Max: 0x00200000, ABSOLUTE)

    Execution Region ER_IROM1 (Base: 0x08000000, Size: 0x00002c7c, Max: 0x00200000, ABSOLUTE)

    Base Addr    Size         Type   Attr      Idx    E Section Name        Object

    0x08000000   0x000001f8   Data   RO          526    RESET               startup_stm32f767xx.o
    0x080001f8   0x00000000   Code   RO          715  * .ARM.Collect$$$$00000000  mc_w.l(entry.o)
    0x080001f8   0x00000004   Code   RO          851    .ARM.Collect$$$$00000001  mc_w.l(entry2.o)
    0x080001fc   0x00000004   Code   RO          854    .ARM.Collect$$$$00000004  mc_w.l(entry5.o)
    0x08000200   0x00000000   Code   RO          856    .ARM.Collect$$$$00000008  mc_w.l(entry7b.o)
    0x08000200   0x00000000   Code   RO          858    .ARM.Collect$$$$0000000A  mc_w.l(entry8b.o)
    0x08000200   0x00000008   Code   RO          859    .ARM.Collect$$$$0000000B  mc_w.l(entry9a.o)
    0x08000208   0x00000000   Code   RO          861    .ARM.Collect$$$$0000000D  mc_w.l(entry10a.o)
    0x08000208   0x00000000   Code   RO          863    .ARM.Collect$$$$0000000F  mc_w.l(entry11a.o)
    0x08000208   0x00000004   Code   RO          852    .ARM.Collect$$$$00002712  mc_w.l(entry2.o)
    0x0800020c   0x000000ba   Code   RO          528    .emb_text           port.o
    0x080002c6   0x00000002   PAD
    0x080002c8   0x00000024   Code   RO          527    .text               startup_stm32f767xx.o
    0x080002ec   0x00000024   Code   RO          718    .text               mc_w.l(memcpya.o)
    0x08000310   0x00000024   Code   RO          719    .text               mc_w.l(memseta.o)
    0x08000334   0x00000024   Code   RO          873    .text               mc_w.l(init.o)
    0x08000358   0x00000002   Code   RO           23    i.BusFault_Handler  stm32f7xx_it.o
    0x0800035a   0x00000002   Code   RO           24    i.DebugMon_Handler  stm32f7xx_it.o
    0x0800035c   0x00000002   Code   RO           16    i.Error_Handler     main.o
    0x0800035e   0x00000002   PAD
    0x08000360   0x00000044   Code   RO           37    i.Func_LED          freertos.o
    0x080003a4   0x00000024   Code   RO          441    i.HAL_DMA_Abort_IT  stm32f7xx_hal_dma.o
    0x080003c8   0x000001d8   Code   RO          184    i.HAL_GPIO_Init     stm32f7xx_hal_gpio.o
    0x080005a0   0x00000008   Code   RO          187    i.HAL_GPIO_TogglePin  stm32f7xx_hal_gpio.o
    0x080005a8   0x0000000a   Code   RO          188    i.HAL_GPIO_WritePin  stm32f7xx_hal_gpio.o
    0x080005b2   0x00000002   PAD
    0x080005b4   0x0000000c   Code   RO          152    i.HAL_GetTick       stm32f7xx_hal.o
    0x080005c0   0x00000010   Code   RO          153    i.HAL_IncTick       stm32f7xx_hal.o
    0x080005d0   0x00000016   Code   RO          154    i.HAL_Init          stm32f7xx_hal.o
    0x080005e6   0x00000002   PAD
    0x080005e8   0x00000074   Code   RO           46    i.HAL_InitTick      stm32f7xx_hal_timebase_tim.o
    0x0800065c   0x00000058   Code   RO           34    i.HAL_MspInit       stm32f7xx_hal_msp.o
    0x080006b4   0x00000016   Code   RO          118    i.HAL_NVIC_EnableIRQ  stm32f7xx_hal_cortex.o
    0x080006ca   0x00000002   PAD
    0x080006cc   0x00000040   Code   RO          124    i.HAL_NVIC_SetPriority  stm32f7xx_hal_cortex.o
    0x0800070c   0x00000024   Code   RO          125    i.HAL_NVIC_SetPriorityGrouping  stm32f7xx_hal_cortex.o
    0x08000730   0x0000006c   Code   RO          424    i.HAL_PWREx_EnableOverDrive  stm32f7xx_hal_pwr_ex.o
    0x0800079c   0x0000071c   Code   RO          194    i.HAL_RCCEx_PeriphCLKConfig  stm32f7xx_hal_rcc_ex.o
    0x08000eb8   0x00000164   Code   RO          165    i.HAL_RCC_ClockConfig  stm32f7xx_hal_rcc.o
    0x0800101c   0x00000040   Code   RO          169    i.HAL_RCC_GetClockConfig  stm32f7xx_hal_rcc.o
    0x0800105c   0x0000000c   Code   RO          170    i.HAL_RCC_GetHCLKFreq  stm32f7xx_hal_rcc.o
    0x08001068   0x00000030   Code   RO          172    i.HAL_RCC_GetPCLK1Freq  stm32f7xx_hal_rcc.o
    0x08001098   0x00000030   Code   RO          173    i.HAL_RCC_GetPCLK2Freq  stm32f7xx_hal_rcc.o
    0x080010c8   0x00000084   Code   RO          174    i.HAL_RCC_GetSysClockFreq  stm32f7xx_hal_rcc.o
    0x0800114c   0x00000338   Code   RO          195    i.HAL_RCC_OscConfig  stm32f7xx_hal_rcc_ex.o
    0x08001484   0x00000018   Code   RO          127    i.HAL_SYSTICK_CLKSourceConfig  stm32f7xx_hal_cortex.o
    0x0800149c   0x00000026   Code   RO          129    i.HAL_SYSTICK_Config  stm32f7xx_hal_cortex.o
    0x080014c2   0x00000002   Code   RO           68    i.HAL_TIMEx_BreakCallback  stm32f7xx_hal_tim_ex.o
    0x080014c4   0x00000002   Code   RO           69    i.HAL_TIMEx_CommutationCallback  stm32f7xx_hal_tim_ex.o
    0x080014c6   0x00000030   Code   RO          201    i.HAL_TIM_Base_Init  stm32f7xx_hal_tim.o
    0x080014f6   0x00000002   Code   RO          203    i.HAL_TIM_Base_MspInit  stm32f7xx_hal_tim.o
    0x080014f8   0x00000018   Code   RO          206    i.HAL_TIM_Base_Start_IT  stm32f7xx_hal_tim.o
    0x08001510   0x00000002   Code   RO          230    i.HAL_TIM_IC_CaptureCallback  stm32f7xx_hal_tim.o
    0x08001512   0x0000017e   Code   RO          243    i.HAL_TIM_IRQHandler  stm32f7xx_hal_tim.o
    0x08001690   0x00000002   Code   RO          246    i.HAL_TIM_OC_DelayElapsedCallback  stm32f7xx_hal_tim.o
    0x08001692   0x00000002   Code   RO          273    i.HAL_TIM_PWM_PulseFinishedCallback  stm32f7xx_hal_tim.o
    0x08001694   0x00000014   Code   RO           17    i.HAL_TIM_PeriodElapsedCallback  main.o
    0x080016a8   0x00000002   Code   RO          284    i.HAL_TIM_TriggerCallback  stm32f7xx_hal_tim.o
    0x080016aa   0x00000002   Code   RO          494    i.HAL_UART_ErrorCallback  stm32f7xx_hal_uart.o
    0x080016ac   0x0000000c   Code   RO          496    i.HAL_UART_GetState  stm32f7xx_hal_uart.o
    0x080016b8   0x00000178   Code   RO          497    i.HAL_UART_IRQHandler  stm32f7xx_hal_uart.o
    0x08001830   0x0000006a   Code   RO          498    i.HAL_UART_Init     stm32f7xx_hal_uart.o
    0x0800189a   0x00000002   PAD
    0x0800189c   0x00000058   Code   RO           55    i.HAL_UART_MspInit  usart.o
    0x080018f4   0x00000098   Code   RO          503    i.HAL_UART_Receive_IT  stm32f7xx_hal_uart.o
    0x0800198c   0x00000002   Code   RO          504    i.HAL_UART_RxCpltCallback  stm32f7xx_hal_uart.o
    0x0800198e   0x00000002   Code   RO          509    i.HAL_UART_TxCpltCallback  stm32f7xx_hal_uart.o
    0x08001990   0x00000002   Code   RO           25    i.HardFault_Handler  stm32f7xx_it.o
    0x08001992   0x00000002   PAD
    0x08001994   0x0000003c   Code   RO           38    i.MX_FREERTOS_Init  freertos.o
    0x080019d0   0x00000064   Code   RO           12    i.MX_GPIO_Init      gpio.o
    0x08001a34   0x0000003c   Code   RO           56    i.MX_USART1_UART_Init  usart.o
    0x08001a70   0x00000002   Code   RO           26    i.MemManage_Handler  stm32f7xx_it.o
    0x08001a72   0x00000002   Code   RO           27    i.NMI_Handler       stm32f7xx_it.o
    0x08001a74   0x00000022   Code   RO          131    i.NVIC_SetPriority  stm32f7xx_hal_cortex.o
    0x08001a96   0x00000008   Code   RO           39    i.StartDefaultTask  freertos.o
    0x08001a9e   0x00000004   Code   RO           28    i.SysTick_Handler   stm32f7xx_it.o
    0x08001aa2   0x00000002   PAD
    0x08001aa4   0x000000b4   Code   RO           18    i.SystemClock_Config  main.o
    0x08001b58   0x00000054   Code   RO            5    i.SystemInit        system_stm32f7xx.o
    0x08001bac   0x0000000c   Code   RO           29    i.TIM8_TRG_COM_TIM14_IRQHandler  stm32f7xx_it.o
    0x08001bb8   0x000000c4   Code   RO          285    i.TIM_Base_SetConfig  stm32f7xx_hal_tim.o
    0x08001c7c   0x000000c8   Code   RO          511    i.UART_AdvFeatureConfig  stm32f7xx_hal_uart.o
    0x08001d44   0x0000005c   Code   RO          512    i.UART_CheckIdleState  stm32f7xx_hal_uart.o
    0x08001da0   0x00000014   Code   RO          513    i.UART_DMAAbortOnError  stm32f7xx_hal_uart.o
    0x08001db4   0x0000001c   Code   RO          519    i.UART_EndRxTransfer  stm32f7xx_hal_uart.o
    0x08001dd0   0x00000078   Code   RO          521    i.UART_Receive_IT   stm32f7xx_hal_uart.o
    0x08001e48   0x00000258   Code   RO          522    i.UART_SetConfig    stm32f7xx_hal_uart.o
    0x080020a0   0x00000064   Code   RO          523    i.UART_WaitOnFlagUntilTimeout  stm32f7xx_hal_uart.o
    0x08002104   0x00000044   Code   RO          707    i.USART1_IRQHandler  uart.o
    0x08002148   0x00000002   Code   RO           30    i.UsageFault_Handler  stm32f7xx_it.o
    0x0800214a   0x00000002   PAD
    0x0800214c   0x00000010   Code   RO          722    i.__0printf$bare    mc_w.l(printfb.o)
    0x0800215c   0x0000000e   Code   RO          880    i.__scatterload_copy  mc_w.l(handlers.o)
    0x0800216a   0x00000002   Code   RO          881    i.__scatterload_null  mc_w.l(handlers.o)
    0x0800216c   0x0000000e   Code   RO          882    i.__scatterload_zeroinit  mc_w.l(handlers.o)
    0x0800217a   0x00000022   Code   RO          729    i._printf_core      mc_w.l(printfb.o)
    0x0800219c   0x00000014   Code   RO          709    i.fputc             uart.o
    0x080021b0   0x0000001a   Code   RO           19    i.main              main.o
    0x080021ca   0x0000000e   Code   RO          548    i.makeFreeRtosPriority  cmsis_os.o
    0x080021d8   0x0000000e   Code   RO          549    i.osDelay           cmsis_os.o
    0x080021e6   0x0000000a   Code   RO          552    i.osKernelStart     cmsis_os.o
    0x080021f0   0x00000014   Code   RO          581    i.osSystickHandler  cmsis_os.o
    0x08002204   0x00000038   Code   RO          582    i.osThreadCreate    cmsis_os.o
    0x0800223c   0x00000034   Code   RO          632    i.prvAddCurrentTaskToDelayedList  tasks.o
    0x08002270   0x00000054   Code   RO          633    i.prvCheckTasksWaitingTermination  tasks.o
    0x080022c4   0x00000050   Code   RO          680    i.prvHeapInit       heap_4.o
    0x08002314   0x00000028   Code   RO          634    i.prvIdleTask       tasks.o
    0x0800233c   0x0000004c   Code   RO          681    i.prvInsertBlockIntoFreeList  heap_4.o
    0x08002388   0x00000020   Code   RO          636    i.prvResetNextTaskUnblockTime  tasks.o
    0x080023a8   0x00000030   Code   RO          529    i.prvTaskExitError  port.o
    0x080023d8   0x000000e4   Code   RO          682    i.pvPortMalloc      heap_4.o
    0x080024bc   0x00000028   Code   RO          530    i.pxPortInitialiseStack  port.o
    0x080024e4   0x00000024   Code   RO          539    i.uxListRemove      list.o
    0x08002508   0x00000016   Code   RO          540    i.vListInitialise   list.o
    0x0800251e   0x00000006   Code   RO          541    i.vListInitialiseItem  list.o
    0x08002524   0x00000030   Code   RO          542    i.vListInsert       list.o
    0x08002554   0x00000018   Code   RO          543    i.vListInsertEnd    list.o
    0x0800256c   0x00000048   Code   RO          532    i.vPortEnterCritical  port.o
    0x080025b4   0x0000002c   Code   RO          533    i.vPortExitCritical  port.o
    0x080025e0   0x00000064   Code   RO          683    i.vPortFree         heap_4.o
    0x08002644   0x00000020   Code   RO          534    i.vPortSetupTimerInterrupt  port.o
    0x08002664   0x0000006c   Code   RO          646    i.vTaskDelay        tasks.o
    0x080026d0   0x00000070   Code   RO          658    i.vTaskStartScheduler  tasks.o
    0x08002740   0x00000010   Code   RO          660    i.vTaskSuspendAll   tasks.o
    0x08002750   0x00000060   Code   RO          661    i.vTaskSwitchContext  tasks.o
    0x080027b0   0x000000a8   Code   RO          536    i.xPortStartScheduler  port.o
    0x08002858   0x00000030   Code   RO          537    i.xPortSysTickHandler  port.o
    0x08002888   0x000001c8   Code   RO          663    i.xTaskGenericCreate  tasks.o
    0x08002a50   0x0000001c   Code   RO          667    i.xTaskGetSchedulerState  tasks.o
    0x08002a6c   0x000000d0   Code   RO          670    i.xTaskIncrementTick  tasks.o
    0x08002b3c   0x000000c8   Code   RO          676    i.xTaskResumeAll    tasks.o
    0x08002c04   0x00000010   Data   RO            6    .constdata          system_stm32f7xx.o
    0x08002c14   0x00000008   Data   RO            7    .constdata          system_stm32f7xx.o
    0x08002c1c   0x00000028   Data   RO           40    .constdata          freertos.o
    0x08002c44   0x00000018   Data   RO           41    .conststring        freertos.o
    0x08002c5c   0x00000020   Data   RO          878    Region$$Table       anon$$obj.o


    Execution Region RW_IRAM1 (Base: 0x20000000, Size: 0x00004280, Max: 0x00080000, ABSOLUTE)

    Base Addr    Size         Type   Attr      Idx    E Section Name        Object

    0x20000000   0x00000004   Data   RW            8    .data               system_stm32f7xx.o
    0x20000004   0x00000008   Data   RW           42    .data               freertos.o
    0x2000000c   0x00000004   Data   RW          160    .data               stm32f7xx_hal.o
    0x20000010   0x0000000c   Data   RW          538    .data               port.o
    0x2000001c   0x00000038   Data   RW          679    .data               tasks.o
    0x20000054   0x00000018   Data   RW          688    .data               heap_4.o
    0x2000006c   0x00000004   Data   RW          713    .data               uart.o
    0x20000070   0x00000001   Data   RW          714    .data               uart.o
    0x20000071   0x00000003   PAD
    0x20000074   0x0000003c   Zero   RW           49    .bss                stm32f7xx_hal_timebase_tim.o
    0x200000b0   0x00000070   Zero   RW           57    .bss                usart.o
    0x20000120   0x000000f0   Zero   RW          678    .bss                tasks.o
    0x20000210   0x00003c00   Zero   RW          687    .bss                heap_4.o
    0x20003e10   0x00000070   Zero   RW          711    .bss                uart.o
    0x20003e80   0x00000400   Zero   RW          524    STACK               startup_stm32f767xx.o


==============================================================================

Image component sizes


      Code (inc. data)   RO Data    RW Data    ZI Data      Debug   Object Name

       114          0          0          0          0          0   cmsis_os.o
       136         28         64          8          0          0   freertos.o
       100         10          0          0          0          0   gpio.o
       484         24          0         24      15360          0   heap_4.o
       136          0          0          0          0          0   list.o
       228         16          0          0          0          0   main.o
       638         70          0         12          0          0   port.o
        36          8        504          0       1024          0   startup_stm32f767xx.o
        50         12          0          4          0          0   stm32f7xx_hal.o
       218         12          0          0          0          0   stm32f7xx_hal_cortex.o
        36          0          0          0          0          0   stm32f7xx_hal_dma.o
       490         54          0          0          0          0   stm32f7xx_hal_gpio.o
        88          0          0          0          0          0   stm32f7xx_hal_msp.o
       108          8          0          0          0          0   stm32f7xx_hal_pwr_ex.o
       660         72          0          0          0          0   stm32f7xx_hal_rcc.o
      2644         26          0          0          0          0   stm32f7xx_hal_rcc_ex.o
       660         46          0          0          0          0   stm32f7xx_hal_tim.o
         4          0          0          0          0          0   stm32f7xx_hal_tim_ex.o
       116         16          0          0         60          0   stm32f7xx_hal_timebase_tim.o
      1812         74          0          0          0          0   stm32f7xx_hal_uart.o
        28          6          0          0          0          0   stm32f7xx_it.o
        84         16         24          4          0          0   system_stm32f7xx.o
      1432        116          0         56        240          0   tasks.o
        88         18          0          5        112          0   uart.o
       148         22          0          0        112          0   usart.o

    ----------------------------------------------------------------------
     10556        654        624        116      16908          0   Object Totals
         0          0         32          0          0          0   (incl. Generated)
        18          0          0          3          0          0   (incl. Padding)

    ----------------------------------------------------------------------

      Code (inc. data)   RO Data    RW Data    ZI Data      Debug   Library Member Name

         0          0          0          0          0          0   entry.o
         0          0          0          0          0          0   entry10a.o
         0          0          0          0          0          0   entry11a.o
         8          4          0          0          0          0   entry2.o
         4          0          0          0          0          0   entry5.o
         0          0          0          0          0          0   entry7b.o
         0          0          0          0          0          0   entry8b.o
         8          4          0          0          0          0   entry9a.o
        30          0          0          0          0          0   handlers.o
        36          8          0          0          0          0   init.o
        36          0          0          0          0          0   memcpya.o
        36          0          0          0          0          0   memseta.o
        50          8          0          0          0          0   printfb.o

    ----------------------------------------------------------------------
       208         24          0          0          0          0   Library Totals
         0          0          0          0          0          0   (incl. Padding)

    ----------------------------------------------------------------------

      Code (inc. data)   RO Data    RW Data    ZI Data      Debug   Library Name

       208         24          0          0          0          0   mc_w.l

    ----------------------------------------------------------------------
       208         24          0          0          0          0   Library Totals

    ----------------------------------------------------------------------

==============================================================================


      Code (inc. data)   RO Data    RW Data    ZI Data      Debug   

     10764        678        624        116      16908          0   Grand Totals
     10764        678        624        116      16908          0   ELF Image Totals
     10764        678        624        116          0          0   ROM Totals

==============================================================================

    Total RO  Size (Code + RO Data)                11388 (  11.12kB)
    Total RW  Size (RW Data + ZI Data)             17024 (  16.63kB)
    Total ROM Size (Code + RO Data + RW Data)      11504 (  11.23kB)

==============================================================================

